Archive member included to satisfy reference by file (symbol)

D:/RUN PROGRAMS/STM32CubeIDE/STM32CubeIDE_2.0.0/STM32CubeIDE/STM32CubeIDE/plugins/com.st.stm32cube.ide.mcu.externaltools.gnu-tools-for-stm32.13.3.rel1.win32_1.0.100.202509120712/tools/bin/../lib/gcc/arm-none-eabi/13.3.1/../../../../arm-none-eabi/lib/thumb/v7e-m+fp/hard\libm.a(libm_a-sf_lround.o)
                              ./Core/Src/TMC2209.o (lroundf)
D:/RUN PROGRAMS/STM32CubeIDE/STM32CubeIDE_2.0.0/STM32CubeIDE/STM32CubeIDE/plugins/com.st.stm32cube.ide.mcu.externaltools.gnu-tools-for-stm32.13.3.rel1.win32_1.0.100.202509120712/tools/bin/../lib/gcc/arm-none-eabi/13.3.1/../../../../arm-none-eabi/lib/thumb/v7e-m+fp/hard\libm.a(libm_a-sf_round.o)
                              ./Core/Src/TMC2209.o (roundf)
D:/RUN PROGRAMS/STM32CubeIDE/STM32CubeIDE_2.0.0/STM32CubeIDE/STM32CubeIDE/plugins/com.st.stm32cube.ide.mcu.externaltools.gnu-tools-for-stm32.13.3.rel1.win32_1.0.100.202509120712/tools/bin/../lib/gcc/arm-none-eabi/13.3.1/../../../../arm-none-eabi/lib/thumb/v7e-m+fp/hard\libc_nano.a(libc_a-atoi.o)
                              ./Core/Src/MainApp.o (atoi)
D:/RUN PROGRAMS/STM32CubeIDE/STM32CubeIDE_2.0.0/STM32CubeIDE/STM32CubeIDE/plugins/com.st.stm32cube.ide.mcu.externaltools.gnu-tools-for-stm32.13.3.rel1.win32_1.0.100.202509120712/tools/bin/../lib/gcc/arm-none-eabi/13.3.1/../../../../arm-none-eabi/lib/thumb/v7e-m+fp/hard\libc_nano.a(libc_a-exit.o)
                              D:/RUN PROGRAMS/STM32CubeIDE/STM32CubeIDE_2.0.0/STM32CubeIDE/STM32CubeIDE/plugins/com.st.stm32cube.ide.mcu.externaltools.gnu-tools-for-stm32.13.3.rel1.win32_1.0.100.202509120712/tools/bin/../lib/gcc/arm-none-eabi/13.3.1/../../../../arm-none-eabi/lib/thumb/v7e-m+fp/hard/crt0.o (exit)
D:/RUN PROGRAMS/STM32CubeIDE/STM32CubeIDE_2.0.0/STM32CubeIDE/STM32CubeIDE/plugins/com.st.stm32cube.ide.mcu.externaltools.gnu-tools-for-stm32.13.3.rel1.win32_1.0.100.202509120712/tools/bin/../lib/gcc/arm-none-eabi/13.3.1/../../../../arm-none-eabi/lib/thumb/v7e-m+fp/hard\libc_nano.a(libc_a-strtod.o)
                              ./Core/Src/MainApp.o (strtof)
D:/RUN PROGRAMS/STM32CubeIDE/STM32CubeIDE_2.0.0/STM32CubeIDE/STM32CubeIDE/plugins/com.st.stm32cube.ide.mcu.externaltools.gnu-tools-for-stm32.13.3.rel1.win32_1.0.100.202509120712/tools/bin/../lib/gcc/arm-none-eabi/13.3.1/../../../../arm-none-eabi/lib/thumb/v7e-m+fp/hard\libc_nano.a(libc_a-strtol.o)
                              D:/RUN PROGRAMS/STM32CubeIDE/STM32CubeIDE_2.0.0/STM32CubeIDE/STM32CubeIDE/plugins/com.st.stm32cube.ide.mcu.externaltools.gnu-tools-for-stm32.13.3.rel1.win32_1.0.100.202509120712/tools/bin/../lib/gcc/arm-none-eabi/13.3.1/../../../../arm-none-eabi/lib/thumb/v7e-m+fp/hard\libc_nano.a(libc_a-atoi.o) (_strtol_r)
D:/RUN PROGRAMS/STM32CubeIDE/STM32CubeIDE_2.0.0/STM32CubeIDE/STM32CubeIDE/plugins/com.st.stm32cube.ide.mcu.externaltools.gnu-tools-for-stm32.13.3.rel1.win32_1.0.100.202509120712/tools/bin/../lib/gcc/arm-none-eabi/13.3.1/../../../../arm-none-eabi/lib/thumb/v7e-m+fp/hard\libc_nano.a(libc_a-ctype_.o)
                              D:/RUN PROGRAMS/STM32CubeIDE/STM32CubeIDE_2.0.0/STM32CubeIDE/STM32CubeIDE/plugins/com.st.stm32cube.ide.mcu.externaltools.gnu-tools-for-stm32.13.3.rel1.win32_1.0.100.202509120712/tools/bin/../lib/gcc/arm-none-eabi/13.3.1/../../../../arm-none-eabi/lib/thumb/v7e-m+fp/hard\libc_nano.a(libc_a-strtol.o) (_ctype_)
D:/RUN PROGRAMS/STM32CubeIDE/STM32CubeIDE_2.0.0/STM32CubeIDE/STM32CubeIDE/plugins/com.st.stm32cube.ide.mcu.externaltools.gnu-tools-for-stm32.13.3.rel1.win32_1.0.100.202509120712/tools/bin/../lib/gcc/arm-none-eabi/13.3.1/../../../../arm-none-eabi/lib/thumb/v7e-m+fp/hard\libc_nano.a(libc_a-nano-vfprintf_float.o)
                              (_printf_float)
D:/RUN PROGRAMS/STM32CubeIDE/STM32CubeIDE_2.0.0/STM32CubeIDE/STM32CubeIDE/plugins/com.st.stm32cube.ide.mcu.externaltools.gnu-tools-for-stm32.13.3.rel1.win32_1.0.100.202509120712/tools/bin/../lib/gcc/arm-none-eabi/13.3.1/../../../../arm-none-eabi/lib/thumb/v7e-m+fp/hard\libc_nano.a(libc_a-nano-vfprintf_i.o)
                              D:/RUN PROGRAMS/STM32CubeIDE/STM32CubeIDE_2.0.0/STM32CubeIDE/STM32CubeIDE/plugins/com.st.stm32cube.ide.mcu.externaltools.gnu-tools-for-stm32.13.3.rel1.win32_1.0.100.202509120712/tools/bin/../lib/gcc/arm-none-eabi/13.3.1/../../../../arm-none-eabi/lib/thumb/v7e-m+fp/hard\libc_nano.a(libc_a-nano-vfprintf_float.o) (_printf_common)
D:/RUN PROGRAMS/STM32CubeIDE/STM32CubeIDE_2.0.0/STM32CubeIDE/STM32CubeIDE/plugins/com.st.stm32cube.ide.mcu.externaltools.gnu-tools-for-stm32.13.3.rel1.win32_1.0.100.202509120712/tools/bin/../lib/gcc/arm-none-eabi/13.3.1/../../../../arm-none-eabi/lib/thumb/v7e-m+fp/hard\libc_nano.a(libc_a-nano-vfscanf_float.o)
                              (_scanf_float)
[...]
Memory Configuration

Name             Origin             Length             Attributes
RAM              0x20000000         0x00020000         xrw
FLASH            0x08000000         0x00080000         xr
*default*        0x00000000         0xffffffff

Linker script and memory map

LOAD D:/RUN PROGRAMS/STM32CubeIDE/STM32CubeIDE_2.0.0/STM32CubeIDE/STM32CubeIDE/plugins/com.st.stm32cube.ide.mcu.externaltools.gnu-tools-for-stm32.13.3.rel1.win32_1.0.100.202509120712/tools/bin/../lib/gcc/arm-none-eabi/13.3.1/thumb/v7e-m+fp/hard/crti.o
LOAD D:/RUN PROGRAMS/STM32CubeIDE/STM32CubeIDE_2.0.0/STM32CubeIDE/STM32CubeIDE/plugins/com.st.stm32cube.ide.mcu.externaltools.gnu-tools-for-stm32.13.3.rel1.win32_1.0.100.202509120712/tools/bin/../lib/gcc/arm-none-eabi/13.3.1/thumb/v7e-m+fp/hard/crtbegin.o
LOAD D:/RUN PROGRAMS/STM32CubeIDE/STM32CubeIDE_2.0.0/STM32CubeIDE/STM32CubeIDE/plugins/com.st.stm32cube.ide.mcu.externaltools.gnu-tools-for-stm32.13.3.rel1.win32_1.0.100.202509120712/tools/bin/../lib/gcc/arm-none-eabi/13.3.1/../../../../arm-none-eabi/lib/thumb/v7e-m+fp/hard/crt0.o
LOAD ./Core/Src/MainApp.o
LOAD ./Core/Src/TMC2209.o
LOAD ./Core/Src/gpio.o
LOAD ./Core/Src/main.o
LOAD ./Core/Src/stm32f4xx_hal_msp.o
LOAD ./Core/Src/stm32f4xx_it.o
LOAD ./Core/Src/syscalls.o
LOAD ./Core/Src/sysmem.o
LOAD ./Core/Src/system_stm32f4xx.o
LOAD ./Core/Src/tim.o
LOAD ./Core/Startup/startup_stm32f411ceux.o
LOAD ./Drivers/STM32F4xx_HAL_Driver/Src/stm32f4xx_hal.o
LOAD ./Drivers/STM32F4xx_HAL_Driver/Src/stm32f4xx_hal_cortex.o
LOAD ./Drivers/STM32F4xx_HAL_Driver/Src/stm32f4xx_hal_dma.o
LOAD ./Drivers/STM32F4xx_HAL_Driver/Src/stm32f4xx_hal_dma_ex.o
LOAD ./Drivers/STM32F4xx_HAL_Driver/Src/stm32f4xx_hal_exti.o
LOAD ./Drivers/STM32F4xx_HAL_Driver/Src/stm32f4xx_hal_flash.o
LOAD ./Drivers/STM32F4xx_HAL_Driver/Src/stm32f4xx_hal_flash_ex.o
LOAD ./Drivers/STM32F4xx_HAL_Driver/Src/stm32f4xx_hal_flash_ramfunc.o
LOAD ./Drivers/STM32F4xx_HAL_Driver/Src/stm32f4xx_hal_gpio.o
LOAD ./Drivers/STM32F4xx_HAL_Driver/Src/stm32f4xx_hal_pcd.o
LOAD ./Drivers/STM32F4xx_HAL_Driver/Src/stm32f4xx_hal_pcd_ex.o
LOAD ./Drivers/STM32F4xx_HAL_Driver/Src/stm32f4xx_hal_pwr.o
LOAD ./Drivers/STM32F4xx_HAL_Driver/Src/stm32f4xx_hal_pwr_ex.o
LOAD ./Drivers/STM32F4xx_HAL_Driver/Src/stm32f4xx_hal_rcc.o
LOAD ./Drivers/STM32F4xx_HAL_Driver/Src/stm32f4xx_hal_rcc_ex.o
LOAD ./Drivers/STM32F4xx_HAL_Driver/Src/stm32f4xx_hal_tim.o
LOAD ./Drivers/STM32F4xx_HAL_Driver/Src/stm32f4xx_hal_tim_ex.o
LOAD ./Drivers/STM32F4xx_HAL_Driver/Src/stm32f4xx_ll_usb.o
LOAD ./Middlewares/ST/STM32_USB_Device_Library/Class/CDC/Src/usbd_cdc.o
LOAD ./Middlewares/ST/STM32_USB_Device_Library/Core/Src/usbd_core.o
LOAD ./Middlewares/ST/STM32_USB_Device_Library/Core/Src/usbd_ctlreq.o
LOAD ./Middlewares/ST/STM32_USB_Device_Library/Core/Src/usbd_ioreq.o
LOAD ./USB_DEVICE/App/usb_device.o
LOAD ./USB_DEVICE/App/usbd_cdc_if.o
LOAD ./USB_DEVICE/App/usbd_desc.o
LOAD ./USB_DEVICE/Target/usbd_conf.o
START GROUP
LOAD D:/RUN PROGRAMS/STM32CubeIDE/STM32CubeIDE_2.0.0/STM32CubeIDE/STM32CubeIDE/plugins/com.st.stm32cube.ide.mcu.externaltools.gnu-tools-for-stm32.13.3.rel1.win32_1.0.100.202509120712/tools/bin/../lib/gcc/arm-none-eabi/13.3.1/../../../../arm-none-eabi/lib/thumb/v7e-m+fp/hard\libstdc++_nano.a
LOAD D:/RUN PROGRAMS/STM32CubeIDE/STM32CubeIDE_2.0.0/STM32CubeIDE/STM32CubeIDE/plugins/com.st.stm32cube.ide.mcu.externaltools.gnu-tools-for-stm32.13.3.rel1.win32_1.0.100.202509120712/tools/bin/../lib/gcc/arm-none-eabi/13.3.1/../../../../arm-none-eabi/lib/thumb/v7e-m+fp/hard\libsupc++_nano.a
END GROUP
LOAD D:/RUN PROGRAMS/STM32CubeIDE/STM32CubeIDE_2.0.0/STM32CubeIDE/STM32CubeIDE/plugins/com.st.stm32cube.ide.mcu.externaltools.gnu-tools-for-stm32.13.3.rel1.win32_1.0.100.202509120712/tools/bin/../lib/gcc/arm-none-eabi/13.3.1/../../../../arm-none-eabi/lib/thumb/v7e-m+fp/hard\libstdc++_nano.a
LOAD D:/RUN PROGRAMS/STM32CubeIDE/STM32CubeIDE_2.0.0/STM32CubeIDE/STM32CubeIDE/plugins/com.st.stm32cube.ide.mcu.externaltools.gnu-tools-for-stm32.13.3.rel1.win32_1.0.100.202509120712/tools/bin/../lib/gcc/arm-none-eabi/13.3.1/../../../../arm-none-eabi/lib/thumb/v7e-m+fp/hard\libm.a
LOAD D:/RUN PROGRAMS/STM32CubeIDE/STM32CubeIDE_2.0.0/STM32CubeIDE/STM32CubeIDE/plugins/com.st.stm32cube.ide.mcu.externaltools.gnu-tools-for-stm32.13.3.rel1.win32_1.0.100.202509120712/tools/bin/../lib/gcc/arm-none-eabi/13.3.1/../../../../arm-none-eabi/lib/thumb/v7e-m+fp/hard\libc_nano.a
START GROUP
LOAD D:/RUN PROGRAMS/STM32CubeIDE/STM32CubeIDE_2.0.0/STM32CubeIDE/STM32CubeIDE/plugins/com.st.stm32cube.ide.mcu.externaltools.gnu-tools-for-stm32.13.3.rel1.win32_1.0.100.202509120712/tools/bin/../lib/gcc/arm-none-eabi/13.3.1/thumb/v7e-m+fp/hard\libgcc.a
LOAD D:/RUN PROGRAMS/STM32CubeIDE/STM32CubeIDE_2.0.0/STM32CubeIDE/STM32CubeIDE/plugins/com.st.stm32cube.ide.mcu.externaltools.gnu-tools-for-stm32.13.3.rel1.win32_1.0.100.202509120712/tools/bin/../lib/gcc/arm-none-eabi/13.3.1/../../../../arm-none-eabi/lib/thumb/v7e-m+fp/hard\libc_nano.a
END GROUP
START GROUP
LOAD D:/RUN PROGRAMS/STM32CubeIDE/STM32CubeIDE_2.0.0/STM32CubeIDE/STM32CubeIDE/plugins/com.st.stm32cube.ide.mcu.externaltools.gnu-tools-for-stm32.13.3.rel1.win32_1.0.100.202509120712/tools/bin/../lib/gcc/arm-none-eabi/13.3.1/thumb/v7e-m+fp/hard\libgcc.a
LOAD D:/RUN PROGRAMS/STM32CubeIDE/STM32CubeIDE_2.0.0/STM32CubeIDE/STM32CubeIDE/plugins/com.st.stm32cube.ide.mcu.externaltools.gnu-tools-for-stm32.13.3.rel1.win32_1.0.100.202509120712/tools/bin/../lib/gcc/arm-none-eabi/13.3.1/../../../../arm-none-eabi/lib/thumb/v7e-m+fp/hard\libc_nano.a
END GROUP
LOAD D:/RUN PROGRAMS/STM32CubeIDE/STM32CubeIDE_2.0.0/STM32CubeIDE/STM32CubeIDE/plugins/com.st.stm32cube.ide.mcu.externaltools.gnu-tools-for-stm32.13.3.rel1.win32_1.0.100.202509120712/tools/bin/../lib/gcc/arm-none-eabi/13.3.1/thumb/v7e-m+fp/hard/crtend.o
LOAD D:/RUN PROGRAMS/STM32CubeIDE/STM32CubeIDE_2.0.0/STM32CubeIDE/STM32CubeIDE/plugins/com.st.stm32cube.ide.mcu.externaltools.gnu-tools-for-stm32.13.3.rel1.win32_1.0.100.202509120712/tools/bin/../lib/gcc/arm-none-eabi/13.3.1/thumb/v7e-m+fp/hard/crtn.o
                0x20020000                        _estack = (ORIGIN (RAM) + LENGTH (RAM))
                0x00000200                        _Min_Heap_Size = 0x200
                0x00000400                        _Min_Stack_Size = 0x400

.isr_vector     0x08000000      0x198
                0x08000000                        . = ALIGN (0x4)
 *(.isr_vector)
 .isr_vector    0x08000000      0x198 ./Core/Startup/startup_stm32f411ceux.o
                0x08000000                g_pfnVectors
                0x08000198                        . = ALIGN (0x4)

.text           0x080001a0     0xdeb8
                0x080001a0                        . = ALIGN (0x4)
 *(.text)
 .text          0x080001a0       0x40 D:/RUN PROGRAMS/STM32CubeIDE/STM32CubeIDE_2.0.0/STM32CubeIDE/STM32CubeIDE/plugins/com.st.stm32cube.ide.mcu.externaltools.gnu-tools-for-stm32.13.3.rel1.win32_1.0.100.202509120712/tools/bin/../lib/gcc/arm-none-eabi/13.3.1/thumb/v7e-m+fp/hard/crtbegin.o
 .text          0x080001e0       0x14 D:/RUN PROGRAMS/STM32CubeIDE/STM32CubeIDE_2.0.0/STM32CubeIDE/STM32CubeIDE/plugins/com.st.stm32cube.ide.mcu.externaltools.gnu-tools-for-stm32.13.3.rel1.win32_1.0.100.202509120712/tools/bin/../lib/gcc/arm-none-eabi/13.3.1/../../../../arm-none-eabi/lib/thumb/v7e-m+fp/hard\libc_nano.a(libc_a-strcmp.o)
                0x080001e0                strcmp
 *fill*         0x080001f4        0xc 
 .text          0x08000200       0xa0 D:/RUN PROGRAMS/STM32CubeIDE/STM32CubeIDE_2.0.0/STM32CubeIDE/STM32CubeIDE/plugins/com.st.stm32cube.ide.mcu.externaltools.gnu-tools-for-stm32.13.3.rel1.win32_1.0.100.202509120712/tools/bin/../lib/gcc/arm-none-eabi/13.3.1/../../../../arm-none-eabi/lib/thumb/v7e-m+fp/hard\libc_nano.a(libc_a-memchr.o)
                0x08000200                memchr
 .text          0x080002a0       0x10 D:/RUN PROGRAMS/STM32CubeIDE/STM32CubeIDE_2.0.0/STM32CubeIDE/STM32CubeIDE/plugins/com.st.stm32cube.ide.mcu.externaltools.gnu-tools-for-stm32.13.3.rel1.win32_1.0.100.202509120712/tools/bin/../lib/gcc/arm-none-eabi/13.3.1/../../../../arm-none-eabi/lib/thumb/v7e-m+fp/hard\libc_nano.a(libc_a-strlen.o)
                0x080002a0                strlen
 .text          0x080002b0      0x378 D:/RUN PROGRAMS/STM32CubeIDE/STM32CubeIDE_2.0.0/STM32CubeIDE/STM32CubeIDE/plugins/com.st.stm32cube.ide.mcu.externaltools.gnu-tools-for-stm32.13.3.rel1.win32_1.0.100.202509120712/tools/bin/../lib/gcc/arm-none-eabi/13.3.1/thumb/v7e-m+fp/hard\libgcc.a(_arm_addsubdf3.o)
                0x080002b0                __aeabi_drsub
                0x080002b8                __aeabi_dsub
                0x080002b8                __subdf3
                0x080002bc                __aeabi_dadd
                0x080002bc                __adddf3
                0x08000534                __floatunsidf
                0x08000534                __aeabi_ui2d
                0x08000554                __floatsidf
                0x08000554                __aeabi_i2d
                0x08000578                __aeabi_f2d
                0x08000578                __extendsfdf2
                0x080005bc                __floatundidf
                0x080005bc                __aeabi_ul2d
                0x080005cc                __floatdidf
                0x080005cc                __aeabi_l2d
 .text          0x08000628      0x424 D:/RUN PROGRAMS/STM32CubeIDE/STM32CubeIDE_2.0.0/STM32CubeIDE/STM32CubeIDE/plugins/com.st.stm32cube.ide.mcu.externaltools.gnu-tools-for-stm32.13.3.rel1.win32_1.0.100.202509120712/tools/bin/../lib/gcc/arm-none-eabi/13.3.1/thumb/v7e-m+fp/hard\libgcc.a(_arm_muldivdf3.o)
                0x08000628                __aeabi_dmul
                0x08000628                __muldf3
                0x0800087c                __divdf3
                0x0800087c                __aeabi_ddiv
 .text          0x08000a4c      0x110 D:/RUN PROGRAMS/STM32CubeIDE/STM32CubeIDE_2.0.0/STM32CubeIDE/STM32CubeIDE/plugins/com.st.stm32cube.ide.mcu.externaltools.gnu-tools-for-stm32.13.3.rel1.win32_1.0.100.202509120712/tools/bin/../lib/gcc/arm-none-eabi/13.3.1/thumb/v7e-m+fp/hard\libgcc.a(_arm_cmpdf2.o)
                0x08000a4c                __gtdf2
                0x08000a4c                __gedf2
                0x08000a54                __ltdf2
                0x08000a54                __ledf2
                0x08000a5c                __nedf2
                0x08000a5c                __eqdf2
                0x08000a5c                __cmpdf2
                0x08000ad8                __aeabi_cdrcmple
                0x08000ae8                __aeabi_cdcmpeq
                0x08000ae8                __aeabi_cdcmple
                0x08000af8                __aeabi_dcmpeq
                0x08000b0c                __aeabi_dcmplt
                0x08000b20                __aeabi_dcmple
                0x08000b34                __aeabi_dcmpge
                0x08000b48                __aeabi_dcmpgt
 .text          0x08000b5c       0x2c D:/RUN PROGRAMS/STM32CubeIDE/STM32CubeIDE_2.0.0/STM32CubeIDE/STM32CubeIDE/plugins/com.st.stm32cube.ide.mcu.externaltools.gnu-tools-for-stm32.13.3.rel1.win32_1.0.100.202509120712/tools/bin/../lib/gcc/arm-none-eabi/13.3.1/thumb/v7e-m+fp/hard\libgcc.a(_arm_unorddf2.o)
                0x08000b5c                __unorddf2
                0x08000b5c                __aeabi_dcmpun
 .text          0x08000b88       0x50 D:/RUN PROGRAMS/STM32CubeIDE/STM32CubeIDE_2.0.0/STM32CubeIDE/STM32CubeIDE/plugins/com.st.stm32cube.ide.mcu.externaltools.gnu-tools-for-stm32.13.3.rel1.win32_1.0.100.202509120712/tools/bin/../lib/gcc/arm-none-eabi/13.3.1/thumb/v7e-m+fp/hard\libgcc.a(_arm_fixdfsi.o)
                0x08000b88                __aeabi_d2iz
                0x08000b88                __fixdfsi
 .text          0x08000bd8       0x40 D:/RUN PROGRAMS/STM32CubeIDE/STM32CubeIDE_2.0.0/STM32CubeIDE/STM32CubeIDE/plugins/com.st.stm32cube.ide.mcu.externaltools.gnu-tools-for-stm32.13.3.rel1.win32_1.0.100.202509120712/tools/bin/../lib/gcc/arm-none-eabi/13.3.1/thumb/v7e-m+fp/hard\libgcc.a(_arm_fixunsdfsi.o)
                0x08000bd8                __aeabi_d2uiz
                0x08000bd8                __fixunsdfsi
 .text          0x08000c18       0xa0 D:/RUN PROGRAMS/STM32CubeIDE/STM32CubeIDE_2.0.0/STM32CubeIDE/STM32CubeIDE/plugins/com.st.stm32cube.ide.mcu.externaltools.gnu-tools-for-stm32.13.3.rel1.win32_1.0.100.202509120712/tools/bin/../lib/gcc/arm-none-eabi/13.3.1/thumb/v7e-m+fp/hard\libgcc.a(_arm_truncdfsf2.o)
                0x08000c18                __truncdfsf2
                0x08000c18                __aeabi_d2f
 .text          0x08000cb8       0x30 D:/RUN PROGRAMS/STM32CubeIDE/STM32CubeIDE_2.0.0/STM32CubeIDE/STM32CubeIDE/plugins/com.st.stm32cube.ide.mcu.externaltools.gnu-tools-for-stm32.13.3.rel1.win32_1.0.100.202509120712/tools/bin/../lib/gcc/arm-none-eabi/13.3.1/thumb/v7e-m+fp/hard\libgcc.a(_aeabi_uldivmod.o)
                0x08000cb8                __aeabi_uldivmod
 .text          0x08000ce8       0x30 D:/RUN PROGRAMS/STM32CubeIDE/STM32CubeIDE_2.0.0/STM32CubeIDE/STM32CubeIDE/plugins/com.st.stm32cube.ide.mcu.externaltools.gnu-tools-for-stm32.13.3.rel1.win32_1.0.100.202509120712/tools/bin/../lib/gcc/arm-none-eabi/13.3.1/thumb/v7e-m+fp/hard\libgcc.a(_fixdfdi.o)
                0x08000ce8                __fixdfdi
                0x08000ce8                __aeabi_d2lz
 .text          0x08000d18       0x3c D:/RUN PROGRAMS/STM32CubeIDE/STM32CubeIDE_2.0.0/STM32CubeIDE/STM32CubeIDE/plugins/com.st.stm32cube.ide.mcu.externaltools.gnu-tools-for-stm32.13.3.rel1.win32_1.0.100.202509120712/tools/bin/../lib/gcc/arm-none-eabi/13.3.1/thumb/v7e-m+fp/hard\libgcc.a(_fixunsdfdi.o)
                0x08000d18                __fixunsdfdi
                0x08000d18                __aeabi_d2ulz
 .text          0x08000d54      0x2f8 D:/RUN PROGRAMS/STM32CubeIDE/STM32CubeIDE_2.0.0/STM32CubeIDE/STM32CubeIDE/plugins/com.st.stm32cube.ide.mcu.externaltools.gnu-tools-for-stm32.13.3.rel1.win32_1.0.100.202509120712/tools/bin/../lib/gcc/arm-none-eabi/13.3.1/thumb/v7e-m+fp/hard\libgcc.a(_udivmoddi4.o)
                0x08000d54                __udivmoddi4
 .text          0x0800104c        0x4 D:/RUN PROGRAMS/STM32CubeIDE/STM32CubeIDE_2.0.0/STM32CubeIDE/STM32CubeIDE/plugins/com.st.stm32cube.ide.mcu.externaltools.gnu-tools-for-stm32.13.3.rel1.win32_1.0.100.202509120712/tools/bin/../lib/gcc/arm-none-eabi/13.3.1/thumb/v7e-m+fp/hard\libgcc.a(_dvmd_tls.o)
                0x0800104c                __aeabi_idiv0
                0x0800104c                __aeabi_ldiv0
 *(.text*)
 .text._Z10Send_To_PCPKc
                0x08001050       0x4c ./Core/Src/MainApp.o
                0x08001050                Send_To_PC(char const*)
 .text.HAL_TIM_PeriodElapsedCallback
                0x0800109c       0x28 ./Core/Src/MainApp.o
                0x0800109c                HAL_TIM_PeriodElapsedCallback
 .text._Z15Is_Direction_CWv
                0x080010c4       0x18 ./Core/Src/MainApp.o
                0x080010c4                Is_Direction_CW()
 .text.HAL_GPIO_EXTI_Callback
                0x080010dc      0x158 ./Core/Src/MainApp.o
                0x080010dc                HAL_GPIO_EXTI_Callback
 .text.App_USB_Data_Rx_Handler
                0x08001234       0x98 ./Core/Src/MainApp.o
                0x08001234                App_USB_Data_Rx_Handler
 .text._Z19Reset_Command_Statev
                0x080012cc       0x2c ./Core/Src/MainApp.o
                0x080012cc                Reset_Command_State()
 .text._Z14Is_Safety_Moveb
                0x080012f8       0x74 ./Core/Src/MainApp.o
                0x080012f8                Is_Safety_Move(bool)
 .text._Z22Process_Serial_Commandv
                0x0800136c      0x230 ./Core/Src/MainApp.o
                0x0800136c                Process_Serial_Command()
 .text.App_Setup
                0x0800159c       0x74 ./Core/Src/MainApp.o
                0x0800159c                App_Setup
 .text.App_Loop
                0x08001610       0x88 ./Core/Src/MainApp.o
                0x08001610                App_Loop
 .text._Z41__static_initialization_and_destruction_0v
                0x08001698       0x14 ./Core/Src/MainApp.o
 .text._Z41__static_initialization_and_destruction_1v
                0x080016ac       0x14 ./Core/Src/MainApp.o
 .text._GLOBAL__sub_I_stepper
                0x080016c0        0xa ./Core/Src/MainApp.o
 .text._GLOBAL__sub_D_stepper
                0x080016ca        0xa ./Core/Src/MainApp.o
 .text._ZSt3absf
                0x080016d4       0x20 ./Core/Src/TMC2209.o
                0x080016d4                std::abs(float)
 .text._ZN7TMC2209C2Ev
                0x080016f4       0xcc ./Core/Src/TMC2209.o
                0x080016f4                TMC2209::TMC2209()
                0x080016f4                TMC2209::TMC2209()
 .text._ZN7TMC2209D2Ev
                0x080017c0       0x22 ./Core/Src/TMC2209.o
                0x080017c0                TMC2209::~TMC2209()
                0x080017c0                TMC2209::~TMC2209()
 .text._ZN7TMC22095setupEP12GPIO_TypeDeftS1_tP17TIM_HandleTypeDefm
                0x080017e2       0x48 ./Core/Src/TMC2209.o
                0x080017e2                TMC2209::setup(GPIO_TypeDef*, unsigned short, GPIO_TypeDef*, unsigned short, TIM_HandleTypeDef*, unsigned long)
 .text._ZN7TMC220922configureMicrostepPinsEP12GPIO_TypeDeftS1_t
                0x0800182a       0x60 ./Core/Src/TMC2209.o
                0x0800182a                TMC2209::configureMicrostepPins(GPIO_TypeDef*, unsigned short, GPIO_TypeDef*, unsigned short)
 .text._ZN7TMC22096enableEv
                0x0800188a       0x4e ./Core/Src/TMC2209.o
                0x0800188a                TMC2209::enable()
 .text._ZN7TMC22097disableEv
                0x080018d8       0x3c ./Core/Src/TMC2209.o
                0x080018d8                TMC2209::disable()
 .text._ZN7TMC220916setStepFrequencyEm
                0x08001914      0x10c ./Core/Src/TMC2209.o
                0x08001914                TMC2209::setStepFrequency(unsigned long)
 .text._ZN7TMC220913startSteppingEv
                0x08001a20       0x32 ./Core/Src/TMC2209.o
                0x08001a20                TMC2209::startStepping()
 .text._ZN7TMC220912stopSteppingEv
                0x08001a52       0x2a ./Core/Src/TMC2209.o
                0x08001a52                TMC2209::stopStepping()
 .text._ZN7TMC220912setDirectionE9Direction
                0x08001a7c       0x38 ./Core/Src/TMC2209.o
                0x08001a7c                TMC2209::setDirection(Direction)
 .text._ZN7TMC220916setMicrostepGpioEt
                0x08001ab4       0xa4 ./Core/Src/TMC2209.o
                0x08001ab4                TMC2209::setMicrostepGpio(unsigned short)
 .text._ZN7TMC220912setStepAngleEf
                0x08001b58       0x2e ./Core/Src/TMC2209.o
                0x08001b58                TMC2209::setStepAngle(float)
 .text._ZN7TMC220913setScrewPitchEf
                0x08001b86       0x2e ./Core/Src/TMC2209.o
                0x08001b86                TMC2209::setScrewPitch(float)
 .text._ZN7TMC220911setSpeedRPMEft
                0x08001bb4       0xa4 ./Core/Src/TMC2209.o
                0x08001bb4                TMC2209::setSpeedRPM(float, unsigned short)
 .text._ZN7TMC22099moveStepsEmf
                0x08001c58       0x78 ./Core/Src/TMC2209.o
                0x08001c58                TMC2209::moveSteps(unsigned long, float)
 .text._ZN7TMC220920moveRelativeDistanceEff
                0x08001cd0       0xbc ./Core/Src/TMC2209.o
                0x08001cd0                TMC2209::moveRelativeDistance(float, float)
 .text._ZN7TMC22098stopMoveEv
                0x08001d8c       0x64 ./Core/Src/TMC2209.o
                0x08001d8c                TMC2209::stopMove()
 .text._ZNK7TMC22098isMovingEv
                0x08001df0       0x1c ./Core/Src/TMC2209.o
                0x08001df0                TMC2209::isMoving() const
 .text._ZN7TMC220914handleTimerISREv
                0x08001e0c       0x42 ./Core/Src/TMC2209.o
                0x08001e0c                TMC2209::handleTimerISR()
 .text._ZN7TMC22095writeEhm
                0x08001e4e       0x1a ./Core/Src/TMC2209.o
                0x08001e4e                TMC2209::write(unsigned char, unsigned long)
 .text._ZN7TMC220924writeStoredChopperConfigEv
                0x08001e68       0x1e ./Core/Src/TMC2209.o
                0x08001e68                TMC2209::writeStoredChopperConfig()
 *fill*         0x08001e86        0x2 
 .text.MX_GPIO_Init
                0x08001e88      0x148 ./Core/Src/gpio.o
                0x08001e88                MX_GPIO_Init
 .text.main     0x08001fd0       0x22 ./Core/Src/main.o
                0x08001fd0                main
 *fill*         0x08001ff2        0x2 
 .text.SystemClock_Config
                0x08001ff4       0xd0 ./Core/Src/main.o
                0x08001ff4                SystemClock_Config
 .text.Error_Handler
                0x080020c4        0xc ./Core/Src/main.o
                0x080020c4                Error_Handler
 .text.HAL_MspInit
                0x080020d0       0x50 ./Core/Src/stm32f4xx_hal_msp.o
                0x080020d0                HAL_MspInit
 .text.NMI_Handler
                0x08002120        0x8 ./Core/Src/stm32f4xx_it.o
                0x08002120                NMI_Handler
 .text.HardFault_Handler
                0x08002128        0x8 ./Core/Src/stm32f4xx_it.o
                0x08002128                HardFault_Handler
 .text.MemManage_Handler
                0x08002130        0x8 ./Core/Src/stm32f4xx_it.o
                0x08002130                MemManage_Handler
 .text.BusFault_Handler
                0x08002138        0x8 ./Core/Src/stm32f4xx_it.o
                0x08002138                BusFault_Handler
 .text.UsageFault_Handler
                0x08002140        0x8 ./Core/Src/stm32f4xx_it.o
                0x08002140                UsageFault_Handler
 .text.SVC_Handler
                0x08002148        0xe ./Core/Src/stm32f4xx_it.o
                0x08002148                SVC_Handler
 .text.DebugMon_Handler
                0x08002156        0xe ./Core/Src/stm32f4xx_it.o
                0x08002156                DebugMon_Handler
 .text.PendSV_Handler
                0x08002164        0xe ./Core/Src/stm32f4xx_it.o
                0x08002164                PendSV_Handler
 .text.SysTick_Handler
                0x08002172        0xc ./Core/Src/stm32f4xx_it.o
                0x08002172                SysTick_Handler
 *fill*         0x0800217e        0x2 
 .text.TIM3_IRQHandler
                0x08002180       0x14 ./Core/Src/stm32f4xx_it.o
                0x08002180                TIM3_IRQHandler
 .text.EXTI15_10_IRQHandler
                0x08002194       0x18 ./Core/Src/stm32f4xx_it.o
                0x08002194                EXTI15_10_IRQHandler
 .text.OTG_FS_IRQHandler
                0x080021ac       0x14 ./Core/Src/stm32f4xx_it.o
                0x080021ac                OTG_FS_IRQHandler
 .text._getpid  0x080021c0       0x10 ./Core/Src/syscalls.o
                0x080021c0                _getpid
 .text._kill    0x080021d0       0x20 ./Core/Src/syscalls.o
                0x080021d0                _kill
 .text._exit    0x080021f0       0x16 ./Core/Src/syscalls.o
                0x080021f0                _exit
 .text._read    0x08002206       0x3a ./Core/Src/syscalls.o
                0x08002206                _read
 .text._write   0x08002240       0x38 ./Core/Src/syscalls.o
                0x08002240                _write
 .text._close   0x08002278       0x18 ./Core/Src/syscalls.o
                0x08002278                _close
 .text._fstat   0x08002290       0x20 ./Core/Src/syscalls.o
                0x08002290                _fstat
 .text._isatty  0x080022b0       0x16 ./Core/Src/syscalls.o
                0x080022b0                _isatty
 .text._lseek   0x080022c6       0x1a ./Core/Src/syscalls.o
                0x080022c6                _lseek
 .text._sbrk    0x080022e0       0x6c ./Core/Src/sysmem.o
                0x080022e0                _sbrk
 .text.SystemInit
                0x0800234c       0x24 ./Core/Src/system_stm32f4xx.o
                0x0800234c                SystemInit
 .text.MX_TIM3_Init
                0x08002370       0xb4 ./Core/Src/tim.o
                0x08002370                MX_TIM3_Init
 .text.HAL_TIM_PWM_MspInit
                0x08002424       0x50 ./Core/Src/tim.o
                0x08002424                HAL_TIM_PWM_MspInit
 .text.HAL_TIM_MspPostInit
                0x08002474       0x74 ./Core/Src/tim.o
                0x08002474                HAL_TIM_MspPostInit
 .text.Reset_Handler
                0x080024e8       0x50 ./Core/Startup/startup_stm32f411ceux.o
                0x080024e8                Reset_Handler
 .text.Default_Handler
                0x08002538        0x2 ./Core/Startup/startup_stm32f411ceux.o
                0x08002538                RTC_Alarm_IRQHandler
                0x08002538                EXTI2_IRQHandler
                0x08002538                SPI4_IRQHandler
                0x08002538                TIM1_CC_IRQHandler
                0x08002538                DMA2_Stream5_IRQHandler
                0x08002538                DMA1_Stream5_IRQHandler
                0x08002538                PVD_IRQHandler
                0x08002538                SDIO_IRQHandler
                0x08002538                TAMP_STAMP_IRQHandler
                0x08002538                EXTI3_IRQHandler
                0x08002538                TIM1_UP_TIM10_IRQHandler
                0x08002538                I2C3_ER_IRQHandler
                0x08002538                EXTI0_IRQHandler
                0x08002538                I2C2_EV_IRQHandler
                0x08002538                DMA1_Stream2_IRQHandler
                0x08002538                FPU_IRQHandler
                0x08002538                DMA2_Stream2_IRQHandler
                0x08002538                SPI1_IRQHandler
                0x08002538                TIM1_BRK_TIM9_IRQHandler
                0x08002538                DMA2_Stream3_IRQHandler
                0x08002538                USART6_IRQHandler
                0x08002538                DMA2_Stream0_IRQHandler
                0x08002538                TIM4_IRQHandler
                0x08002538                I2C1_EV_IRQHandler
                0x08002538                DMA1_Stream6_IRQHandler
                0x08002538                DMA1_Stream1_IRQHandler
                0x08002538                RCC_IRQHandler
                0x08002538                Default_Handler
                0x08002538                ADC_IRQHandler
                0x08002538                DMA1_Stream7_IRQHandler
                0x08002538                SPI5_IRQHandler
                0x08002538                TIM5_IRQHandler
                0x08002538                DMA2_Stream7_IRQHandler
                0x08002538                I2C3_EV_IRQHandler
                0x08002538                EXTI9_5_IRQHandler
                0x08002538                RTC_WKUP_IRQHandler
                0x08002538                SPI2_IRQHandler
                0x08002538                DMA1_Stream0_IRQHandler
                0x08002538                EXTI4_IRQHandler
                0x08002538                WWDG_IRQHandler
                0x08002538                TIM2_IRQHandler
                0x08002538                OTG_FS_WKUP_IRQHandler
                0x08002538                TIM1_TRG_COM_TIM11_IRQHandler
                0x08002538                EXTI1_IRQHandler
                0x08002538                USART2_IRQHandler
                0x08002538                I2C2_ER_IRQHandler
                0x08002538                DMA2_Stream1_IRQHandler
                0x08002538                FLASH_IRQHandler
                0x08002538                DMA2_Stream4_IRQHandler
                0x08002538                USART1_IRQHandler
                0x08002538                SPI3_IRQHandler
                0x08002538                DMA1_Stream4_IRQHandler
                0x08002538                I2C1_ER_IRQHandler
                0x08002538                DMA2_Stream6_IRQHandler
                0x08002538                DMA1_Stream3_IRQHandler
 *fill*         0x0800253a        0x2 
 .text.HAL_Init
                0x0800253c       0x44 ./Drivers/STM32F4xx_HAL_Driver/Src/stm32f4xx_hal.o
                0x0800253c                HAL_Init
 .text.HAL_InitTick
                0x08002580       0x60 ./Drivers/STM32F4xx_HAL_Driver/Src/stm32f4xx_hal.o
                0x08002580                HAL_InitTick
 .text.HAL_IncTick
                0x080025e0       0x28 ./Drivers/STM32F4xx_HAL_Driver/Src/stm32f4xx_hal.o
                0x080025e0                HAL_IncTick
 .text.HAL_GetTick
                0x08002608       0x18 ./Drivers/STM32F4xx_HAL_Driver/Src/stm32f4xx_hal.o
                0x08002608                HAL_GetTick
 .text.HAL_Delay
                0x08002620       0x48 ./Drivers/STM32F4xx_HAL_Driver/Src/stm32f4xx_hal.o
                0x08002620                HAL_Delay
 .text.__NVIC_SetPriorityGrouping
                0x08002668       0x48 ./Drivers/STM32F4xx_HAL_Driver/Src/stm32f4xx_hal_cortex.o
 .text.__NVIC_GetPriorityGrouping
                0x080026b0       0x1c ./Drivers/STM32F4xx_HAL_Driver/Src/stm32f4xx_hal_cortex.o
 .text.__NVIC_EnableIRQ
                0x080026cc       0x3c ./Drivers/STM32F4xx_HAL_Driver/Src/stm32f4xx_hal_cortex.o
 .text.__NVIC_SetPriority
                0x08002708       0x54 ./Drivers/STM32F4xx_HAL_Driver/Src/stm32f4xx_hal_cortex.o
 .text.NVIC_EncodePriority
                0x0800275c       0x66 ./Drivers/STM32F4xx_HAL_Driver/Src/stm32f4xx_hal_cortex.o
 *fill*         0x080027c2        0x2 
 .text.SysTick_Config
                0x080027c4       0x44 ./Drivers/STM32F4xx_HAL_Driver/Src/stm32f4xx_hal_cortex.o
 .text.HAL_NVIC_SetPriorityGrouping
                0x08002808       0x16 ./Drivers/STM32F4xx_HAL_Driver/Src/stm32f4xx_hal_cortex.o
                0x08002808                HAL_NVIC_SetPriorityGrouping
 .text.HAL_NVIC_SetPriority
                0x0800281e       0x38 ./Drivers/STM32F4xx_HAL_Driver/Src/stm32f4xx_hal_cortex.o
                0x0800281e                HAL_NVIC_SetPriority
 .text.HAL_NVIC_EnableIRQ
                0x08002856       0x1c ./Drivers/STM32F4xx_HAL_Driver/Src/stm32f4xx_hal_cortex.o
                0x08002856                HAL_NVIC_EnableIRQ
 .text.HAL_SYSTICK_Config
                0x08002872       0x18 ./Drivers/STM32F4xx_HAL_Driver/Src/stm32f4xx_hal_cortex.o
                0x08002872                HAL_SYSTICK_Config
 *fill*         0x0800288a        0x2 
 .text.HAL_GPIO_Init
                0x0800288c      0x308 ./Drivers/STM32F4xx_HAL_Driver/Src/stm32f4xx_hal_gpio.o
                0x0800288c                HAL_GPIO_Init
 .text.HAL_GPIO_ReadPin
                0x08002b94       0x30 ./Drivers/STM32F4xx_HAL_Driver/Src/stm32f4xx_hal_gpio.o
                0x08002b94                HAL_GPIO_ReadPin
 .text.HAL_GPIO_WritePin
                0x08002bc4       0x32 ./Drivers/STM32F4xx_HAL_Driver/Src/stm32f4xx_hal_gpio.o
                0x08002bc4                HAL_GPIO_WritePin
 *fill*         0x08002bf6        0x2 
 .text.HAL_GPIO_EXTI_IRQHandler
                0x08002bf8       0x30 ./Drivers/STM32F4xx_HAL_Driver/Src/stm32f4xx_hal_gpio.o
                0x08002bf8                HAL_GPIO_EXTI_IRQHandler
 .text.HAL_PCD_Init
                0x08002c28      0x21e ./Drivers/STM32F4xx_HAL_Driver/Src/stm32f4xx_hal_pcd.o
                0x08002c28                HAL_PCD_Init
 .text.HAL_PCD_Start
                0x08002e46       0x6a ./Drivers/STM32F4xx_HAL_Driver/Src/stm32f4xx_hal_pcd.o
                0x08002e46                HAL_PCD_Start
 .text.HAL_PCD_IRQHandler
                0x08002eb0      0x942 ./Drivers/STM32F4xx_HAL_Driver/Src/stm32f4xx_hal_pcd.o
                0x08002eb0                HAL_PCD_IRQHandler
 .text.HAL_PCD_SetAddress
                0x080037f2       0x48 ./Drivers/STM32F4xx_HAL_Driver/Src/stm32f4xx_hal_pcd.o
                0x080037f2                HAL_PCD_SetAddress
 .text.HAL_PCD_EP_Open
                0x0800383a       0xd4 ./Drivers/STM32F4xx_HAL_Driver/Src/stm32f4xx_hal_pcd.o
                0x0800383a                HAL_PCD_EP_Open
 .text.HAL_PCD_EP_Close
                0x0800390e       0x94 ./Drivers/STM32F4xx_HAL_Driver/Src/stm32f4xx_hal_pcd.o
                0x0800390e                HAL_PCD_EP_Close
 .text.HAL_PCD_EP_Receive
                0x080039a2       0x76 ./Drivers/STM32F4xx_HAL_Driver/Src/stm32f4xx_hal_pcd.o
                0x080039a2                HAL_PCD_EP_Receive
 .text.HAL_PCD_EP_GetRxCount
                0x08003a18       0x30 ./Drivers/STM32F4xx_HAL_Driver/Src/stm32f4xx_hal_pcd.o
                0x08003a18                HAL_PCD_EP_GetRxCount
 .text.HAL_PCD_EP_Transmit
                0x08003a48       0x74 ./Drivers/STM32F4xx_HAL_Driver/Src/stm32f4xx_hal_pcd.o
                0x08003a48                HAL_PCD_EP_Transmit
 .text.HAL_PCD_EP_SetStall
                0x08003abc       0xc6 ./Drivers/STM32F4xx_HAL_Driver/Src/stm32f4xx_hal_pcd.o
                0x08003abc                HAL_PCD_EP_SetStall
 .text.HAL_PCD_EP_ClrStall
                0x08003b82       0xac ./Drivers/STM32F4xx_HAL_Driver/Src/stm32f4xx_hal_pcd.o
                0x08003b82                HAL_PCD_EP_ClrStall
 .text.HAL_PCD_EP_Abort
                0x08003c2e       0x62 ./Drivers/STM32F4xx_HAL_Driver/Src/stm32f4xx_hal_pcd.o
                0x08003c2e                HAL_PCD_EP_Abort
 .text.PCD_WriteEmptyTxFifo
                0x08003c90      0x118 ./Drivers/STM32F4xx_HAL_Driver/Src/stm32f4xx_hal_pcd.o
 .text.PCD_EP_OutXfrComplete_int
                0x08003da8      0x1d0 ./Drivers/STM32F4xx_HAL_Driver/Src/stm32f4xx_hal_pcd.o
 .text.PCD_EP_OutSetupPacket_int
                0x08003f78       0x8c ./Drivers/STM32F4xx_HAL_Driver/Src/stm32f4xx_hal_pcd.o
 .text.HAL_PCDEx_SetTxFiFo
                0x08004004       0x8e ./Drivers/STM32F4xx_HAL_Driver/Src/stm32f4xx_hal_pcd_ex.o
                0x08004004                HAL_PCDEx_SetTxFiFo
 .text.HAL_PCDEx_SetRxFiFo
                0x08004092       0x22 ./Drivers/STM32F4xx_HAL_Driver/Src/stm32f4xx_hal_pcd_ex.o
                0x08004092                HAL_PCDEx_SetRxFiFo
 .text.HAL_PCDEx_LPM_Callback
                0x080040b4       0x18 ./Drivers/STM32F4xx_HAL_Driver/Src/stm32f4xx_hal_pcd_ex.o
                0x080040b4                HAL_PCDEx_LPM_Callback
 .text.HAL_RCC_OscConfig
                0x080040cc      0x4f0 ./Drivers/STM32F4xx_HAL_Driver/Src/stm32f4xx_hal_rcc.o
                0x080040cc                HAL_RCC_OscConfig
 .text.HAL_RCC_ClockConfig
                0x080045bc      0x1cc ./Drivers/STM32F4xx_HAL_Driver/Src/stm32f4xx_hal_rcc.o
                0x080045bc                HAL_RCC_ClockConfig
 .text.HAL_RCC_GetSysClockFreq
                0x08004788      0x18c ./Drivers/STM32F4xx_HAL_Driver/Src/stm32f4xx_hal_rcc.o
                0x08004788                HAL_RCC_GetSysClockFreq
 .text.HAL_RCC_GetHCLKFreq
                0x08004914       0x18 ./Drivers/STM32F4xx_HAL_Driver/Src/stm32f4xx_hal_rcc.o
                0x08004914                HAL_RCC_GetHCLKFreq
 .text.HAL_RCC_GetPCLK1Freq
                0x0800492c       0x28 ./Drivers/STM32F4xx_HAL_Driver/Src/stm32f4xx_hal_rcc.o
                0x0800492c                HAL_RCC_GetPCLK1Freq
 .text.HAL_TIM_Base_Start_IT
                0x08004954       0xc4 ./Drivers/STM32F4xx_HAL_Driver/Src/stm32f4xx_hal_tim.o
                0x08004954                HAL_TIM_Base_Start_IT
 .text.HAL_TIM_PWM_Init
                0x08004a18       0x9e ./Drivers/STM32F4xx_HAL_Driver/Src/stm32f4xx_hal_tim.o
                0x08004a18                HAL_TIM_PWM_Init
 *fill*         0x08004ab6        0x2 
 .text.HAL_TIM_PWM_Start
                0x08004ab8      0x160 ./Drivers/STM32F4xx_HAL_Driver/Src/stm32f4xx_hal_tim.o
                0x08004ab8                HAL_TIM_PWM_Start
 .text.HAL_TIM_PWM_Stop
                0x08004c18       0xc8 ./Drivers/STM32F4xx_HAL_Driver/Src/stm32f4xx_hal_tim.o
                0x08004c18                HAL_TIM_PWM_Stop
 .text.HAL_TIM_IRQHandler
                0x08004ce0      0x1e0 ./Drivers/STM32F4xx_HAL_Driver/Src/stm32f4xx_hal_tim.o
                0x08004ce0                HAL_TIM_IRQHandler
 .text.HAL_TIM_PWM_ConfigChannel
                0x08004ec0      0x184 ./Drivers/STM32F4xx_HAL_Driver/Src/stm32f4xx_hal_tim.o
                0x08004ec0                HAL_TIM_PWM_ConfigChannel
 .text.HAL_TIM_GenerateEvent
                0x08005044       0x4e ./Drivers/STM32F4xx_HAL_Driver/Src/stm32f4xx_hal_tim.o
                0x08005044                HAL_TIM_GenerateEvent
 .text.HAL_TIM_OC_DelayElapsedCallback
                0x08005092       0x14 ./Drivers/STM32F4xx_HAL_Driver/Src/stm32f4xx_hal_tim.o
                0x08005092                HAL_TIM_OC_DelayElapsedCallback
 .text.HAL_TIM_IC_CaptureCallback
                0x080050a6       0x14 ./Drivers/STM32F4xx_HAL_Driver/Src/stm32f4xx_hal_tim.o
                0x080050a6                HAL_TIM_IC_CaptureCallback
 .text.HAL_TIM_PWM_PulseFinishedCallback
                0x080050ba       0x14 ./Drivers/STM32F4xx_HAL_Driver/Src/stm32f4xx_hal_tim.o
                0x080050ba                HAL_TIM_PWM_PulseFinishedCallback
 .text.HAL_TIM_TriggerCallback
                0x080050ce       0x14 ./Drivers/STM32F4xx_HAL_Driver/Src/stm32f4xx_hal_tim.o
                0x080050ce                HAL_TIM_TriggerCallback
 *fill*         0x080050e2        0x2 
 .text.TIM_Base_SetConfig
                0x080050e4      0x10c ./Drivers/STM32F4xx_HAL_Driver/Src/stm32f4xx_hal_tim.o
                0x080050e4                TIM_Base_SetConfig
 .text.TIM_OC1_SetConfig
                0x080051f0       0xcc ./Drivers/STM32F4xx_HAL_Driver/Src/stm32f4xx_hal_tim.o
 .text.TIM_OC2_SetConfig
                0x080052bc       0xd8 ./Drivers/STM32F4xx_HAL_Driver/Src/stm32f4xx_hal_tim.o
                0x080052bc                TIM_OC2_SetConfig
 .text.TIM_OC3_SetConfig
                0x08005394       0xd4 ./Drivers/STM32F4xx_HAL_Driver/Src/stm32f4xx_hal_tim.o
 .text.TIM_OC4_SetConfig
                0x08005468       0xa0 ./Drivers/STM32F4xx_HAL_Driver/Src/stm32f4xx_hal_tim.o
 .text.TIM_CCxChannelCmd
                0x08005508       0x4a ./Drivers/STM32F4xx_HAL_Driver/Src/stm32f4xx_hal_tim.o
                0x08005508                TIM_CCxChannelCmd
 *fill*         0x08005552        0x2 
 .text.HAL_TIMEx_MasterConfigSynchronization
                0x08005554       0xdc ./Drivers/STM32F4xx_HAL_Driver/Src/stm32f4xx_hal_tim_ex.o
                0x08005554                HAL_TIMEx_MasterConfigSynchronization
 .text.HAL_TIMEx_CommutCallback
                0x08005630       0x14 ./Drivers/STM32F4xx_HAL_Driver/Src/stm32f4xx_hal_tim_ex.o
                0x08005630                HAL_TIMEx_CommutCallback
 .text.HAL_TIMEx_BreakCallback
                0x08005644       0x14 ./Drivers/STM32F4xx_HAL_Driver/Src/stm32f4xx_hal_tim_ex.o
                0x08005644                HAL_TIMEx_BreakCallback
 .text.USB_CoreInit
                0x08005658       0xc8 ./Drivers/STM32F4xx_HAL_Driver/Src/stm32f4xx_ll_usb.o
                0x08005658                USB_CoreInit
 .text.USB_SetTurnaroundTime
                0x08005720      0x144 ./Drivers/STM32F4xx_HAL_Driver/Src/stm32f4xx_ll_usb.o
                0x08005720                USB_SetTurnaroundTime
 .text.USB_EnableGlobalInt
                0x08005864       0x22 ./Drivers/STM32F4xx_HAL_Driver/Src/stm32f4xx_ll_usb.o
                0x08005864                USB_EnableGlobalInt
 .text.USB_DisableGlobalInt
                0x08005886       0x22 ./Drivers/STM32F4xx_HAL_Driver/Src/stm32f4xx_ll_usb.o
                0x08005886                USB_DisableGlobalInt
 .text.USB_SetCurrentMode
                0x080058a8       0x98 ./Drivers/STM32F4xx_HAL_Driver/Src/stm32f4xx_ll_usb.o
                0x080058a8                USB_SetCurrentMode
 .text.USB_DevInit
                0x08005940      0x2c8 ./Drivers/STM32F4xx_HAL_Driver/Src/stm32f4xx_ll_usb.o
                0x08005940                USB_DevInit
 .text.USB_FlushTxFifo
                0x08005c08       0x64 ./Drivers/STM32F4xx_HAL_Driver/Src/stm32f4xx_ll_usb.o
                0x08005c08                USB_FlushTxFifo
 .text.USB_FlushRxFifo
                0x08005c6c       0x5c ./Drivers/STM32F4xx_HAL_Driver/Src/stm32f4xx_ll_usb.o
                0x08005c6c                USB_FlushRxFifo
 .text.USB_SetDevSpeed
                0x08005cc8       0x32 ./Drivers/STM32F4xx_HAL_Driver/Src/stm32f4xx_ll_usb.o
                0x08005cc8                USB_SetDevSpeed
 .text.USB_GetDevSpeed
                0x08005cfa       0x4a ./Drivers/STM32F4xx_HAL_Driver/Src/stm32f4xx_ll_usb.o
                0x08005cfa                USB_GetDevSpeed
 .text.USB_ActivateEndpoint
                0x08005d44      0x10e ./Drivers/STM32F4xx_HAL_Driver/Src/stm32f4xx_ll_usb.o
                0x08005d44                USB_ActivateEndpoint
 *fill*         0x08005e52        0x2 
 .text.USB_DeactivateEndpoint
                0x08005e54      0x1b8 ./Drivers/STM32F4xx_HAL_Driver/Src/stm32f4xx_ll_usb.o
                0x08005e54                USB_DeactivateEndpoint
 .text.USB_EPStartXfer
                0x0800600c      0x53c ./Drivers/STM32F4xx_HAL_Driver/Src/stm32f4xx_ll_usb.o
                0x0800600c                USB_EPStartXfer
 .text.USB_EPStopXfer
                0x08006548      0x154 ./Drivers/STM32F4xx_HAL_Driver/Src/stm32f4xx_ll_usb.o
                0x08006548                USB_EPStopXfer
 .text.USB_WritePacket
                0x0800669c       0x7c ./Drivers/STM32F4xx_HAL_Driver/Src/stm32f4xx_ll_usb.o
                0x0800669c                USB_WritePacket
 .text.USB_ReadPacket
                0x08006718       0xb0 ./Drivers/STM32F4xx_HAL_Driver/Src/stm32f4xx_ll_usb.o
                0x08006718                USB_ReadPacket
 .text.USB_EPSetStall
                0x080067c8       0xdc ./Drivers/STM32F4xx_HAL_Driver/Src/stm32f4xx_ll_usb.o
                0x080067c8                USB_EPSetStall
 .text.USB_EPClearStall
                0x080068a4       0xcc ./Drivers/STM32F4xx_HAL_Driver/Src/stm32f4xx_ll_usb.o
                0x080068a4                USB_EPClearStall
 .text.USB_SetDevAddress
                0x08006970       0x4c ./Drivers/STM32F4xx_HAL_Driver/Src/stm32f4xx_ll_usb.o
                0x08006970                USB_SetDevAddress
 .text.USB_DevConnect
                0x080069bc       0x42 ./Drivers/STM32F4xx_HAL_Driver/Src/stm32f4xx_ll_usb.o
                0x080069bc                USB_DevConnect
 .text.USB_DevDisconnect
                0x080069fe       0x42 ./Drivers/STM32F4xx_HAL_Driver/Src/stm32f4xx_ll_usb.o
                0x080069fe                USB_DevDisconnect
 .text.USB_ReadInterrupts
                0x08006a40       0x26 ./Drivers/STM32F4xx_HAL_Driver/Src/stm32f4xx_ll_usb.o
                0x08006a40                USB_ReadInterrupts
 .text.USB_ReadDevAllOutEpInterrupt
                0x08006a66       0x34 ./Drivers/STM32F4xx_HAL_Driver/Src/stm32f4xx_ll_usb.o
                0x08006a66                USB_ReadDevAllOutEpInterrupt
 .text.USB_ReadDevAllInEpInterrupt
                0x08006a9a       0x34 ./Drivers/STM32F4xx_HAL_Driver/Src/stm32f4xx_ll_usb.o
                0x08006a9a                USB_ReadDevAllInEpInterrupt
 .text.USB_ReadDevOutEPInterrupt
                0x08006ace       0x3c ./Drivers/STM32F4xx_HAL_Driver/Src/stm32f4xx_ll_usb.o
                0x08006ace                USB_ReadDevOutEPInterrupt
 .text.USB_ReadDevInEPInterrupt
                0x08006b0a       0x5c ./Drivers/STM32F4xx_HAL_Driver/Src/stm32f4xx_ll_usb.o
                0x08006b0a                USB_ReadDevInEPInterrupt
 .text.USB_GetMode
                0x08006b66       0x1c ./Drivers/STM32F4xx_HAL_Driver/Src/stm32f4xx_ll_usb.o
                0x08006b66                USB_GetMode
 .text.USB_ActivateSetup
                0x08006b82       0x46 ./Drivers/STM32F4xx_HAL_Driver/Src/stm32f4xx_ll_usb.o
                0x08006b82                USB_ActivateSetup
 .text.USB_EP0_OutStart
                0x08006bc8       0xbc ./Drivers/STM32F4xx_HAL_Driver/Src/stm32f4xx_ll_usb.o
                0x08006bc8                USB_EP0_OutStart
 .text.USB_CoreReset
                0x08006c84       0x70 ./Drivers/STM32F4xx_HAL_Driver/Src/stm32f4xx_ll_usb.o
 .text.USBD_CDC_Init
                0x08006cf4      0x1f0 ./Middlewares/ST/STM32_USB_Device_Library/Class/CDC/Src/usbd_cdc.o
 .text.USBD_CDC_DeInit
                0x08006ee4      0x104 ./Middlewares/ST/STM32_USB_Device_Library/Class/CDC/Src/usbd_cdc.o
 .text.USBD_CDC_Setup
                0x08006fe8      0x1b8 ./Middlewares/ST/STM32_USB_Device_Library/Class/CDC/Src/usbd_cdc.o
 .text.USBD_CDC_DataIn
                0x080071a0       0xfe ./Middlewares/ST/STM32_USB_Device_Library/Class/CDC/Src/usbd_cdc.o
 .text.USBD_CDC_DataOut
                0x0800729e       0x70 ./Middlewares/ST/STM32_USB_Device_Library/Class/CDC/Src/usbd_cdc.o
 .text.USBD_CDC_EP0_RxReady
                0x0800730e       0x74 ./Middlewares/ST/STM32_USB_Device_Library/Class/CDC/Src/usbd_cdc.o
 *fill*         0x08007382        0x2 
 .text.USBD_CDC_GetFSCfgDesc
                0x08007384       0x70 ./Middlewares/ST/STM32_USB_Device_Library/Class/CDC/Src/usbd_cdc.o
 .text.USBD_CDC_GetHSCfgDesc
                0x080073f4       0x70 ./Middlewares/ST/STM32_USB_Device_Library/Class/CDC/Src/usbd_cdc.o
 .text.USBD_CDC_GetOtherSpeedCfgDesc
                0x08007464       0x70 ./Middlewares/ST/STM32_USB_Device_Library/Class/CDC/Src/usbd_cdc.o
 .text.USBD_CDC_GetDeviceQualifierDescriptor
                0x080074d4       0x20 ./Middlewares/ST/STM32_USB_Device_Library/Class/CDC/Src/usbd_cdc.o
                0x080074d4                USBD_CDC_GetDeviceQualifierDescriptor
 .text.USBD_CDC_RegisterInterface
                0x080074f4       0x34 ./Middlewares/ST/STM32_USB_Device_Library/Class/CDC/Src/usbd_cdc.o
                0x080074f4                USBD_CDC_RegisterInterface
 .text.USBD_CDC_SetTxBuffer
                0x08007528       0x44 ./Middlewares/ST/STM32_USB_Device_Library/Class/CDC/Src/usbd_cdc.o
                0x08007528                USBD_CDC_SetTxBuffer
 .text.USBD_CDC_SetRxBuffer
                0x0800756c       0x3a ./Middlewares/ST/STM32_USB_Device_Library/Class/CDC/Src/usbd_cdc.o
                0x0800756c                USBD_CDC_SetRxBuffer
 *fill*         0x080075a6        0x2 
 .text.USBD_CDC_TransmitPacket
                0x080075a8       0x80 ./Middlewares/ST/STM32_USB_Device_Library/Class/CDC/Src/usbd_cdc.o
                0x080075a8                USBD_CDC_TransmitPacket
 .text.USBD_CDC_ReceivePacket
                0x08007628       0x6c ./Middlewares/ST/STM32_USB_Device_Library/Class/CDC/Src/usbd_cdc.o
                0x08007628                USBD_CDC_ReceivePacket
 .text.USBD_Init
                0x08007694       0x60 ./Middlewares/ST/STM32_USB_Device_Library/Core/Src/usbd_core.o
                0x08007694                USBD_Init
 .text.USBD_RegisterClass
                0x080076f4       0x6c ./Middlewares/ST/STM32_USB_Device_Library/Core/Src/usbd_core.o
                0x080076f4                USBD_RegisterClass
 .text.USBD_Start
                0x08007760       0x18 ./Middlewares/ST/STM32_USB_Device_Library/Core/Src/usbd_core.o
                0x08007760                USBD_Start
 .text.USBD_RunTestMode
                0x08007778       0x16 ./Middlewares/ST/STM32_USB_Device_Library/Core/Src/usbd_core.o
                0x08007778                USBD_RunTestMode
 .text.USBD_SetClassConfig
                0x0800778e       0x38 ./Middlewares/ST/STM32_USB_Device_Library/Core/Src/usbd_core.o
                0x0800778e                USBD_SetClassConfig
 .text.USBD_ClrClassConfig
                0x080077c6       0x34 ./Middlewares/ST/STM32_USB_Device_Library/Core/Src/usbd_core.o
                0x080077c6                USBD_ClrClassConfig
 .text.USBD_LL_SetupStage
                0x080077fa       0xaa ./Middlewares/ST/STM32_USB_Device_Library/Core/Src/usbd_core.o
                0x080077fa                USBD_LL_SetupStage
 .text.USBD_LL_DataOutStage
                0x080078a4      0x178 ./Middlewares/ST/STM32_USB_Device_Library/Core/Src/usbd_core.o
                0x080078a4                USBD_LL_DataOutStage
 .text.USBD_LL_DataInStage
                0x08007a1c      0x176 ./Middlewares/ST/STM32_USB_Device_Library/Core/Src/usbd_core.o
                0x08007a1c                USBD_LL_DataInStage
 .text.USBD_LL_Reset
                0x08007b92       0xa6 ./Middlewares/ST/STM32_USB_Device_Library/Core/Src/usbd_core.o
                0x08007b92                USBD_LL_Reset
 .text.USBD_LL_SetSpeed
                0x08007c38       0x20 ./Middlewares/ST/STM32_USB_Device_Library/Core/Src/usbd_core.o
                0x08007c38                USBD_LL_SetSpeed
 .text.USBD_LL_Suspend
                0x08007c58       0x38 ./Middlewares/ST/STM32_USB_Device_Library/Core/Src/usbd_core.o
                0x08007c58                USBD_LL_Suspend
 .text.USBD_LL_Resume
                0x08007c90       0x30 ./Middlewares/ST/STM32_USB_Device_Library/Core/Src/usbd_core.o
                0x08007c90                USBD_LL_Resume
 .text.USBD_LL_SOF
                0x08007cc0       0x40 ./Middlewares/ST/STM32_USB_Device_Library/Core/Src/usbd_core.o
                0x08007cc0                USBD_LL_SOF
 .text.USBD_LL_IsoINIncomplete
                0x08007d00       0x64 ./Middlewares/ST/STM32_USB_Device_Library/Core/Src/usbd_core.o
                0x08007d00                USBD_LL_IsoINIncomplete
 .text.USBD_LL_IsoOUTIncomplete
                0x08007d64       0x64 ./Middlewares/ST/STM32_USB_Device_Library/Core/Src/usbd_core.o
                0x08007d64                USBD_LL_IsoOUTIncomplete
 .text.USBD_LL_DevConnected
                0x08007dc8       0x16 ./Middlewares/ST/STM32_USB_Device_Library/Core/Src/usbd_core.o
                0x08007dc8                USBD_LL_DevConnected
 .text.USBD_LL_DevDisconnected
                0x08007dde       0x46 ./Middlewares/ST/STM32_USB_Device_Library/Core/Src/usbd_core.o
                0x08007dde                USBD_LL_DevDisconnected
 .text.USBD_CoreFindIF
                0x08007e24       0x1a ./Middlewares/ST/STM32_USB_Device_Library/Core/Src/usbd_core.o
                0x08007e24                USBD_CoreFindIF
 .text.USBD_CoreFindEP
                0x08007e3e       0x1a ./Middlewares/ST/STM32_USB_Device_Library/Core/Src/usbd_core.o
                0x08007e3e                USBD_CoreFindEP
 .text.USBD_GetEpDesc
                0x08007e58       0x70 ./Middlewares/ST/STM32_USB_Device_Library/Core/Src/usbd_core.o
                0x08007e58                USBD_GetEpDesc
 .text.USBD_GetNextDesc
                0x08007ec8       0x38 ./Middlewares/ST/STM32_USB_Device_Library/Core/Src/usbd_core.o
                0x08007ec8                USBD_GetNextDesc
 .text.SWAPBYTE
                0x08007f00       0x3e ./Middlewares/ST/STM32_USB_Device_Library/Core/Src/usbd_ctlreq.o
 *fill*         0x08007f3e        0x2 
 .text.USBD_StdDevReq
                0x08007f40       0xe4 ./Middlewares/ST/STM32_USB_Device_Library/Core/Src/usbd_ctlreq.o
                0x08007f40                USBD_StdDevReq
 .text.USBD_StdItfReq
                0x08008024       0xd8 ./Middlewares/ST/STM32_USB_Device_Library/Core/Src/usbd_ctlreq.o
                0x08008024                USBD_StdItfReq
 .text.USBD_StdEPReq
                0x080080fc      0x33e ./Middlewares/ST/STM32_USB_Device_Library/Core/Src/usbd_ctlreq.o
                0x080080fc                USBD_StdEPReq
 *fill*         0x0800843a        0x2 
 .text.USBD_GetDescriptor
                0x0800843c      0x2d4 ./Middlewares/ST/STM32_USB_Device_Library/Core/Src/usbd_ctlreq.o
 .text.USBD_SetAddress
                0x08008710       0x88 ./Middlewares/ST/STM32_USB_Device_Library/Core/Src/usbd_ctlreq.o
 .text.USBD_SetConfig
                0x08008798      0x154 ./Middlewares/ST/STM32_USB_Device_Library/Core/Src/usbd_ctlreq.o
 .text.USBD_GetConfig
                0x080088ec       0x6c ./Middlewares/ST/STM32_USB_Device_Library/Core/Src/usbd_ctlreq.o
 .text.USBD_GetStatus
                0x08008958       0x68 ./Middlewares/ST/STM32_USB_Device_Library/Core/Src/usbd_ctlreq.o
 .text.USBD_SetFeature
                0x080089c0       0x52 ./Middlewares/ST/STM32_USB_Device_Library/Core/Src/usbd_ctlreq.o
 .text.USBD_ClrFeature
                0x08008a12       0x44 ./Middlewares/ST/STM32_USB_Device_Library/Core/Src/usbd_ctlreq.o
 .text.USBD_ParseSetupRequest
                0x08008a56       0x74 ./Middlewares/ST/STM32_USB_Device_Library/Core/Src/usbd_ctlreq.o
                0x08008a56                USBD_ParseSetupRequest
 .text.USBD_CtlError
                0x08008aca       0x22 ./Middlewares/ST/STM32_USB_Device_Library/Core/Src/usbd_ctlreq.o
                0x08008aca                USBD_CtlError
 .text.USBD_GetString
                0x08008aec       0xa4 ./Middlewares/ST/STM32_USB_Device_Library/Core/Src/usbd_ctlreq.o
                0x08008aec                USBD_GetString
 .text.USBD_GetLen
                0x08008b90       0x34 ./Middlewares/ST/STM32_USB_Device_Library/Core/Src/usbd_ctlreq.o
 .text.USBD_CtlSendData
                0x08008bc4       0x3c ./Middlewares/ST/STM32_USB_Device_Library/Core/Src/usbd_ioreq.o
                0x08008bc4                USBD_CtlSendData
 .text.USBD_CtlContinueSendData
                0x08008c00       0x22 ./Middlewares/ST/STM32_USB_Device_Library/Core/Src/usbd_ioreq.o
                0x08008c00                USBD_CtlContinueSendData
 .text.USBD_CtlPrepareRx
                0x08008c22       0x42 ./Middlewares/ST/STM32_USB_Device_Library/Core/Src/usbd_ioreq.o
                0x08008c22                USBD_CtlPrepareRx
 .text.USBD_CtlContinueRx
                0x08008c64       0x22 ./Middlewares/ST/STM32_USB_Device_Library/Core/Src/usbd_ioreq.o
                0x08008c64                USBD_CtlContinueRx
 .text.USBD_CtlSendStatus
                0x08008c86       0x26 ./Middlewares/ST/STM32_USB_Device_Library/Core/Src/usbd_ioreq.o
                0x08008c86                USBD_CtlSendStatus
 .text.USBD_CtlReceiveStatus
                0x08008cac       0x26 ./Middlewares/ST/STM32_USB_Device_Library/Core/Src/usbd_ioreq.o
                0x08008cac                USBD_CtlReceiveStatus
 *fill*         0x08008cd2        0x2 
 .text.MX_USB_DEVICE_Init
                0x08008cd4       0x60 ./USB_DEVICE/App/usb_device.o
                0x08008cd4                MX_USB_DEVICE_Init
 .text.CDC_Init_FS
                0x08008d34       0x28 ./USB_DEVICE/App/usbd_cdc_if.o
 .text.CDC_DeInit_FS
                0x08008d5c       0x10 ./USB_DEVICE/App/usbd_cdc_if.o
 .text.CDC_Control_FS
                0x08008d6c       0xc8 ./USB_DEVICE/App/usbd_cdc_if.o
 .text.CDC_Receive_FS
                0x08008e34       0x34 ./USB_DEVICE/App/usbd_cdc_if.o
 .text.CDC_Transmit_FS
                0x08008e68       0x4c ./USB_DEVICE/App/usbd_cdc_if.o
                0x08008e68                CDC_Transmit_FS
 .text.CDC_TransmitCplt_FS
                0x08008eb4       0x22 ./USB_DEVICE/App/usbd_cdc_if.o
 *fill*         0x08008ed6        0x2 
 .text.USBD_FS_DeviceDescriptor
                0x08008ed8       0x24 ./USB_DEVICE/App/usbd_desc.o
                0x08008ed8                USBD_FS_DeviceDescriptor
 .text.USBD_FS_LangIDStrDescriptor
                0x08008efc       0x24 ./USB_DEVICE/App/usbd_desc.o
                0x08008efc                USBD_FS_LangIDStrDescriptor
 .text.USBD_FS_ProductStrDescriptor
                0x08008f20       0x3c ./USB_DEVICE/App/usbd_desc.o
                0x08008f20                USBD_FS_ProductStrDescriptor
 .text.USBD_FS_ManufacturerStrDescriptor
                0x08008f5c       0x28 ./USB_DEVICE/App/usbd_desc.o
                0x08008f5c                USBD_FS_ManufacturerStrDescriptor
 .text.USBD_FS_SerialStrDescriptor
                0x08008f84       0x24 ./USB_DEVICE/App/usbd_desc.o
                0x08008f84                USBD_FS_SerialStrDescriptor
 .text.USBD_FS_ConfigStrDescriptor
                0x08008fa8       0x3c ./USB_DEVICE/App/usbd_desc.o
                0x08008fa8                USBD_FS_ConfigStrDescriptor
 .text.USBD_FS_InterfaceStrDescriptor
                0x08008fe4       0x3c ./USB_DEVICE/App/usbd_desc.o
                0x08008fe4                USBD_FS_InterfaceStrDescriptor
 .text.Get_SerialNum
                0x08009020       0x58 ./USB_DEVICE/App/usbd_desc.o
 .text.IntToUnicode
                0x08009078       0x7e ./USB_DEVICE/App/usbd_desc.o
 *fill*         0x080090f6        0x2 
 .text.HAL_PCD_MspInit
                0x080090f8       0xa8 ./USB_DEVICE/Target/usbd_conf.o
                0x080090f8                HAL_PCD_MspInit
 .text.HAL_PCD_SetupStageCallback
                0x080091a0       0x24 ./USB_DEVICE/Target/usbd_conf.o
                0x080091a0                HAL_PCD_SetupStageCallback
 .text.HAL_PCD_DataOutStageCallback
                0x080091c4       0x36 ./USB_DEVICE/Target/usbd_conf.o
                0x080091c4                HAL_PCD_DataOutStageCallback
 .text.HAL_PCD_DataInStageCallback
                0x080091fa       0x34 ./USB_DEVICE/Target/usbd_conf.o
                0x080091fa                HAL_PCD_DataInStageCallback
 .text.HAL_PCD_SOFCallback
                0x0800922e       0x1c ./USB_DEVICE/Target/usbd_conf.o
                0x0800922e                HAL_PCD_SOFCallback
 .text.HAL_PCD_ResetCallback
                0x0800924a       0x3c ./USB_DEVICE/Target/usbd_conf.o
                0x0800924a                HAL_PCD_ResetCallback
 *fill*         0x08009286        0x2 
 .text.HAL_PCD_SuspendCallback
                0x08009288       0x4c ./USB_DEVICE/Target/usbd_conf.o
                0x08009288                HAL_PCD_SuspendCallback
 .text.HAL_PCD_ResumeCallback
                0x080092d4       0x1c ./USB_DEVICE/Target/usbd_conf.o
                0x080092d4                HAL_PCD_ResumeCallback
 .text.HAL_PCD_ISOOUTIncompleteCallback
                0x080092f0       0x24 ./USB_DEVICE/Target/usbd_conf.o
                0x080092f0                HAL_PCD_ISOOUTIncompleteCallback
 .text.HAL_PCD_ISOINIncompleteCallback
                0x08009314       0x24 ./USB_DEVICE/Target/usbd_conf.o
                0x08009314                HAL_PCD_ISOINIncompleteCallback
 .text.HAL_PCD_ConnectCallback
                0x08009338       0x1c ./USB_DEVICE/Target/usbd_conf.o
                0x08009338                HAL_PCD_ConnectCallback
 .text.HAL_PCD_DisconnectCallback
                0x08009354       0x1c ./USB_DEVICE/Target/usbd_conf.o
                0x08009354                HAL_PCD_DisconnectCallback
 .text.USBD_LL_Init
                0x08009370       0x98 ./USB_DEVICE/Target/usbd_conf.o
                0x08009370                USBD_LL_Init
 .text.USBD_LL_Start
                0x08009408       0x36 ./USB_DEVICE/Target/usbd_conf.o
                0x08009408                USBD_LL_Start
 .text.USBD_LL_OpenEP
                0x0800943e       0x4c ./USB_DEVICE/Target/usbd_conf.o
                0x0800943e                USBD_LL_OpenEP
 .text.USBD_LL_CloseEP
                0x0800948a       0x3e ./USB_DEVICE/Target/usbd_conf.o
                0x0800948a                USBD_LL_CloseEP
 .text.USBD_LL_StallEP
                0x080094c8       0x3e ./USB_DEVICE/Target/usbd_conf.o
                0x080094c8                USBD_LL_StallEP
 .text.USBD_LL_ClearStallEP
                0x08009506       0x3e ./USB_DEVICE/Target/usbd_conf.o
                0x08009506                USBD_LL_ClearStallEP
 .text.USBD_LL_IsStallEP
                0x08009544       0x58 ./USB_DEVICE/Target/usbd_conf.o
                0x08009544                USBD_LL_IsStallEP
 .text.USBD_LL_SetUSBAddress
                0x0800959c       0x3e ./USB_DEVICE/Target/usbd_conf.o
                0x0800959c                USBD_LL_SetUSBAddress
 .text.USBD_LL_Transmit
                0x080095da       0x42 ./USB_DEVICE/Target/usbd_conf.o
                0x080095da                USBD_LL_Transmit
 .text.USBD_LL_PrepareReceive
                0x0800961c       0x42 ./USB_DEVICE/Target/usbd_conf.o
                0x0800961c                USBD_LL_PrepareReceive
 .text.USBD_LL_GetRxDataSize
                0x0800965e       0x26 ./USB_DEVICE/Target/usbd_conf.o
                0x0800965e                USBD_LL_GetRxDataSize
 .text.USBD_static_malloc
                0x08009684       0x1c ./USB_DEVICE/Target/usbd_conf.o
                0x08009684                USBD_static_malloc
 .text.USBD_static_free
                0x080096a0       0x14 ./USB_DEVICE/Target/usbd_conf.o
                0x080096a0                USBD_static_free
 .text.USBD_Get_USB_Status
                0x080096b4       0x58 ./USB_DEVICE/Target/usbd_conf.o
                0x080096b4                USBD_Get_USB_Status
 .text.lroundf  0x0800970c       0x5a D:/RUN PROGRAMS/STM32CubeIDE/STM32CubeIDE_2.0.0/STM32CubeIDE/STM32CubeIDE/plugins/com.st.stm32cube.ide.mcu.externaltools.gnu-tools-for-stm32.13.3.rel1.win32_1.0.100.202509120712/tools/bin/../lib/gcc/arm-none-eabi/13.3.1/../../../../arm-none-eabi/lib/thumb/v7e-m+fp/hard\libm.a(libm_a-sf_lround.o)
                0x0800970c                lroundf
 *fill*         0x08009766        0x2 
 .text.roundf   0x08009768       0x48 D:/RUN PROGRAMS/STM32CubeIDE/STM32CubeIDE_2.0.0/STM32CubeIDE/STM32CubeIDE/plugins/com.st.stm32cube.ide.mcu.externaltools.gnu-tools-for-stm32.13.3.rel1.win32_1.0.100.202509120712/tools/bin/../lib/gcc/arm-none-eabi/13.3.1/../../../../arm-none-eabi/lib/thumb/v7e-m+fp/hard\libm.a(libm_a-sf_round.o)
                0x08009768                roundf
 .text.atoi     0x080097b0        0x8 D:/RUN PROGRAMS/STM32CubeIDE/STM32CubeIDE_2.0.0/STM32CubeIDE/STM32CubeIDE/plugins/com.st.stm32cube.ide.mcu.externaltools.gnu-tools-for-stm32.13.3.rel1.win32_1.0.100.202509120712/tools/bin/../lib/gcc/arm-none-eabi/13.3.1/../../../../arm-none-eabi/lib/thumb/v7e-m+fp/hard\libc_nano.a(libc_a-atoi.o)
                0x080097b0                atoi
 .text.sulp     0x080097b8       0x3c D:/RUN PROGRAMS/STM32CubeIDE/STM32CubeIDE_2.0.0/STM32CubeIDE/STM32CubeIDE/plugins/com.st.stm32cube.ide.mcu.externaltools.gnu-tools-for-stm32.13.3.rel1.win32_1.0.100.202509120712/tools/bin/../lib/gcc/arm-none-eabi/13.3.1/../../../../arm-none-eabi/lib/thumb/v7e-m+fp/hard\libc_nano.a(libc_a-strtod.o)
 *fill*         0x080097f4        0x4 
 .text._strtod_l
                0x080097f8      0xbc8 D:/RUN PROGRAMS/STM32CubeIDE/STM32CubeIDE_2.0.0/STM32CubeIDE/STM32CubeIDE/plugins/com.st.stm32cube.ide.mcu.externaltools.gnu-tools-for-stm32.13.3.rel1.win32_1.0.100.202509120712/tools/bin/../lib/gcc/arm-none-eabi/13.3.1/../../../../arm-none-eabi/lib/thumb/v7e-m+fp/hard\libc_nano.a(libc_a-strtod.o)
                0x080097f8                _strtod_l
 .text._strtod_r
                0x0800a3c0        0xc D:/RUN PROGRAMS/STM32CubeIDE/STM32CubeIDE_2.0.0/STM32CubeIDE/STM32CubeIDE/plugins/com.st.stm32cube.ide.mcu.externaltools.gnu-tools-for-stm32.13.3.rel1.win32_1.0.100.202509120712/tools/bin/../lib/gcc/arm-none-eabi/13.3.1/../../../../arm-none-eabi/lib/thumb/v7e-m+fp/hard\libc_nano.a(libc_a-strtod.o)
                0x0800a3c0                _strtod_r
 .text.strtof   0x0800a3cc       0xc8 D:/RUN PROGRAMS/STM32CubeIDE/STM32CubeIDE_2.0.0/STM32CubeIDE/STM32CubeIDE/plugins/com.st.stm32cube.ide.mcu.externaltools.gnu-tools-for-stm32.13.3.rel1.win32_1.0.100.202509120712/tools/bin/../lib/gcc/arm-none-eabi/13.3.1/../../../../arm-none-eabi/lib/thumb/v7e-m+fp/hard\libc_nano.a(libc_a-strtod.o)
                0x0800a3cc                strtof
 .text._strtol_l.isra.0
                0x0800a494       0xf4 D:/RUN PROGRAMS/STM32CubeIDE/STM32CubeIDE_2.0.0/STM32CubeIDE/STM32CubeIDE/plugins/com.st.stm32cube.ide.mcu.externaltools.gnu-tools-for-stm32.13.3.rel1.win32_1.0.100.202509120712/tools/bin/../lib/gcc/arm-none-eabi/13.3.1/../../../../arm-none-eabi/lib/thumb/v7e-m+fp/hard\libc_nano.a(libc_a-strtol.o)
 .text._strtol_r
                0x0800a588        0x4 D:/RUN PROGRAMS/STM32CubeIDE/STM32CubeIDE_2.0.0/STM32CubeIDE/STM32CubeIDE/plugins/com.st.stm32cube.ide.mcu.externaltools.gnu-tools-for-stm32.13.3.rel1.win32_1.0.100.202509120712/tools/bin/../lib/gcc/arm-none-eabi/13.3.1/../../../../arm-none-eabi/lib/thumb/v7e-m+fp/hard\libc_nano.a(libc_a-strtol.o)
                0x0800a588                _strtol_r
 .text.strtol   0x0800a58c       0x14 D:/RUN PROGRAMS/STM32CubeIDE/STM32CubeIDE_2.0.0/STM32CubeIDE/STM32CubeIDE/plugins/com.st.stm32cube.ide.mcu.externaltools.gnu-tools-for-stm32.13.3.rel1.win32_1.0.100.202509120712/tools/bin/../lib/gcc/arm-none-eabi/13.3.1/../../../../arm-none-eabi/lib/thumb/v7e-m+fp/hard\libc_nano.a(libc_a-strtol.o)
                0x0800a58c                strtol
 .text.__cvt    0x0800a5a0       0xca D:/RUN PROGRAMS/STM32CubeIDE/STM32CubeIDE_2.0.0/STM32CubeIDE/STM32CubeIDE/plugins/com.st.stm32cube.ide.mcu.externaltools.gnu-tools-for-stm32.13.3.rel1.win32_1.0.100.202509120712/tools/bin/../lib/gcc/arm-none-eabi/13.3.1/../../../../arm-none-eabi/lib/thumb/v7e-m+fp/hard\libc_nano.a(libc_a-nano-vfprintf_float.o)
                0x0800a5a0                __cvt
 .text.__exponent
                0x0800a66a       0x74 D:/RUN PROGRAMS/STM32CubeIDE/STM32CubeIDE_2.0.0/STM32CubeIDE/STM32CubeIDE/plugins/com.st.stm32cube.ide.mcu.externaltools.gnu-tools-for-stm32.13.3.rel1.win32_1.0.100.202509120712/tools/bin/../lib/gcc/arm-none-eabi/13.3.1/../../../../arm-none-eabi/lib/thumb/v7e-m+fp/hard\libc_nano.a(libc_a-nano-vfprintf_float.o)
                0x0800a66a                __exponent
 *fill*         0x0800a6de        0x2 
 .text._printf_float
                0x0800a6e0      0x454 D:/RUN PROGRAMS/STM32CubeIDE/STM32CubeIDE_2.0.0/STM32CubeIDE/STM32CubeIDE/plugins/com.st.stm32cube.ide.mcu.externaltools.gnu-tools-for-stm32.13.3.rel1.win32_1.0.100.202509120712/tools/bin/../lib/gcc/arm-none-eabi/13.3.1/../../../../arm-none-eabi/lib/thumb/v7e-m+fp/hard\libc_nano.a(libc_a-nano-vfprintf_float.o)
                0x0800a6e0                _printf_float
 .text._printf_common
                0x0800ab34       0xda D:/RUN PROGRAMS/STM32CubeIDE/STM32CubeIDE_2.0.0/STM32CubeIDE/STM32CubeIDE/plugins/com.st.stm32cube.ide.mcu.externaltools.gnu-tools-for-stm32.13.3.rel1.win32_1.0.100.202509120712/tools/bin/../lib/gcc/arm-none-eabi/13.3.1/../../../../arm-none-eabi/lib/thumb/v7e-m+fp/hard\libc_nano.a(libc_a-nano-vfprintf_i.o)
                0x0800ab34                _printf_common
 *fill*         0x0800ac0e        0x2 
 .text._printf_i
                0x0800ac10      0x23c D:/RUN PROGRAMS/STM32CubeIDE/STM32CubeIDE_2.0.0/STM32CubeIDE/STM32CubeIDE/plugins/com.st.stm32cube.ide.mcu.externaltools.gnu-tools-for-stm32.13.3.rel1.win32_1.0.100.202509120712/tools/bin/../lib/gcc/arm-none-eabi/13.3.1/../../../../arm-none-eabi/lib/thumb/v7e-m+fp/hard\libc_nano.a(libc_a-nano-vfprintf_i.o)
                0x0800ac10                _printf_i
 .text._scanf_float
                0x0800ae4c      0x41c D:/RUN PROGRAMS/STM32CubeIDE/STM32CubeIDE_2.0.0/STM32CubeIDE/STM32CubeIDE/plugins/com.st.stm32cube.ide.mcu.externaltools.gnu-tools-for-stm32.13.3.rel1.win32_1.0.100.202509120712/tools/bin/../lib/gcc/arm-none-eabi/13.3.1/../../../../arm-none-eabi/lib/thumb/v7e-m+fp/hard\libc_nano.a(libc_a-nano-vfscanf_float.o)
                0x0800ae4c                _scanf_float
 .text.std      0x0800b268       0x6c D:/RUN PROGRAMS/STM32CubeIDE/STM32CubeIDE_2.0.0/STM32CubeIDE/STM32CubeIDE/plugins/com.st.stm32cube.ide.mcu.externaltools.gnu-tools-for-stm32.13.3.rel1.win32_1.0.100.202509120712/tools/bin/../lib/gcc/arm-none-eabi/13.3.1/../../../../arm-none-eabi/lib/thumb/v7e-m+fp/hard\libc_nano.a(libc_a-findfp.o)
 .text.stdio_exit_handler
                0x0800b2d4       0x18 D:/RUN PROGRAMS/STM32CubeIDE/STM32CubeIDE_2.0.0/STM32CubeIDE/STM32CubeIDE/plugins/com.st.stm32cube.ide.mcu.externaltools.gnu-tools-for-stm32.13.3.rel1.win32_1.0.100.202509120712/tools/bin/../lib/gcc/arm-none-eabi/13.3.1/../../../../arm-none-eabi/lib/thumb/v7e-m+fp/hard\libc_nano.a(libc_a-findfp.o)
 .text.cleanup_stdio
                0x0800b2ec       0x40 D:/RUN PROGRAMS/STM32CubeIDE/STM32CubeIDE_2.0.0/STM32CubeIDE/STM32CubeIDE/plugins/com.st.stm32cube.ide.mcu.externaltools.gnu-tools-for-stm32.13.3.rel1.win32_1.0.100.202509120712/tools/bin/../lib/gcc/arm-none-eabi/13.3.1/../../../../arm-none-eabi/lib/thumb/v7e-m+fp/hard\libc_nano.a(libc_a-findfp.o)
 .text.global_stdio_init.part.0
                0x0800b32c       0x3c D:/RUN PROGRAMS/STM32CubeIDE/STM32CubeIDE_2.0.0/STM32CubeIDE/STM32CubeIDE/plugins/com.st.stm32cube.ide.mcu.externaltools.gnu-tools-for-stm32.13.3.rel1.win32_1.0.100.202509120712/tools/bin/../lib/gcc/arm-none-eabi/13.3.1/../../../../arm-none-eabi/lib/thumb/v7e-m+fp/hard\libc_nano.a(libc_a-findfp.o)
 .text.__sfp_lock_acquire
                0x0800b368        0xc D:/RUN PROGRAMS/STM32CubeIDE/STM32CubeIDE_2.0.0/STM32CubeIDE/STM32CubeIDE/plugins/com.st.stm32cube.ide.mcu.externaltools.gnu-tools-for-stm32.13.3.rel1.win32_1.0.100.202509120712/tools/bin/../lib/gcc/arm-none-eabi/13.3.1/../../../../arm-none-eabi/lib/thumb/v7e-m+fp/hard\libc_nano.a(libc_a-findfp.o)
                0x0800b368                __sfp_lock_acquire
 .text.__sfp_lock_release
                0x0800b374        0xc D:/RUN PROGRAMS/STM32CubeIDE/STM32CubeIDE_2.0.0/STM32CubeIDE/STM32CubeIDE/plugins/com.st.stm32cube.ide.mcu.externaltools.gnu-tools-for-stm32.13.3.rel1.win32_1.0.100.202509120712/tools/bin/../lib/gcc/arm-none-eabi/13.3.1/../../../../arm-none-eabi/lib/thumb/v7e-m+fp/hard\libc_nano.a(libc_a-findfp.o)
                0x0800b374                __sfp_lock_release
 .text.__sinit  0x0800b380       0x30 D:/RUN PROGRAMS/STM32CubeIDE/STM32CubeIDE_2.0.0/STM32CubeIDE/STM32CubeIDE/plugins/com.st.stm32cube.ide.mcu.externaltools.gnu-tools-for-stm32.13.3.rel1.win32_1.0.100.202509120712/tools/bin/../lib/gcc/arm-none-eabi/13.3.1/../../../../arm-none-eabi/lib/thumb/v7e-m+fp/hard\libc_nano.a(libc_a-findfp.o)
                0x0800b380                __sinit
 .text._fwalk_sglue
                0x0800b3b0       0x3c D:/RUN PROGRAMS/STM32CubeIDE/STM32CubeIDE_2.0.0/STM32CubeIDE/STM32CubeIDE/plugins/com.st.stm32cube.ide.mcu.externaltools.gnu-tools-for-stm32.13.3.rel1.win32_1.0.100.202509120712/tools/bin/../lib/gcc/arm-none-eabi/13.3.1/../../../../arm-none-eabi/lib/thumb/v7e-m+fp/hard\libc_nano.a(libc_a-fwalk.o)
                0x0800b3b0                _fwalk_sglue
 .text.sprintf  0x0800b3ec       0x44 D:/RUN PROGRAMS/STM32CubeIDE/STM32CubeIDE_2.0.0/STM32CubeIDE/STM32CubeIDE/plugins/com.st.stm32cube.ide.mcu.externaltools.gnu-tools-for-stm32.13.3.rel1.win32_1.0.100.202509120712/tools/bin/../lib/gcc/arm-none-eabi/13.3.1/../../../../arm-none-eabi/lib/thumb/v7e-m+fp/hard\libc_nano.a(libc_a-sprintf.o)
                0x0800b3ec                siprintf
                0x0800b3ec                sprintf
 .text.__sread  0x0800b430       0x22 D:/RUN PROGRAMS/STM32CubeIDE/STM32CubeIDE_2.0.0/STM32CubeIDE/STM32CubeIDE/plugins/com.st.stm32cube.ide.mcu.externaltools.gnu-tools-for-stm32.13.3.rel1.win32_1.0.100.202509120712/tools/bin/../lib/gcc/arm-none-eabi/13.3.1/../../../../arm-none-eabi/lib/thumb/v7e-m+fp/hard\libc_nano.a(libc_a-stdio.o)
                0x0800b430                __sread
 .text.__swrite
                0x0800b452       0x38 D:/RUN PROGRAMS/STM32CubeIDE/STM32CubeIDE_2.0.0/STM32CubeIDE/STM32CubeIDE/plugins/com.st.stm32cube.ide.mcu.externaltools.gnu-tools-for-stm32.13.3.rel1.win32_1.0.100.202509120712/tools/bin/../lib/gcc/arm-none-eabi/13.3.1/../../../../arm-none-eabi/lib/thumb/v7e-m+fp/hard\libc_nano.a(libc_a-stdio.o)
                0x0800b452                __swrite
 .text.__sseek  0x0800b48a       0x24 D:/RUN PROGRAMS/STM32CubeIDE/STM32CubeIDE_2.0.0/STM32CubeIDE/STM32CubeIDE/plugins/com.st.stm32cube.ide.mcu.externaltools.gnu-tools-for-stm32.13.3.rel1.win32_1.0.100.202509120712/tools/bin/../lib/gcc/arm-none-eabi/13.3.1/../../../../arm-none-eabi/lib/thumb/v7e-m+fp/hard\libc_nano.a(libc_a-stdio.o)
                0x0800b48a                __sseek
 .text.__sclose
                0x0800b4ae        0x8 D:/RUN PROGRAMS/STM32CubeIDE/STM32CubeIDE_2.0.0/STM32CubeIDE/STM32CubeIDE/plugins/com.st.stm32cube.ide.mcu.externaltools.gnu-tools-for-stm32.13.3.rel1.win32_1.0.100.202509120712/tools/bin/../lib/gcc/arm-none-eabi/13.3.1/../../../../arm-none-eabi/lib/thumb/v7e-m+fp/hard\libc_nano.a(libc_a-stdio.o)
                0x0800b4ae                __sclose
 .text.memset   0x0800b4b6       0x10 D:/RUN PROGRAMS/STM32CubeIDE/STM32CubeIDE_2.0.0/STM32CubeIDE/STM32CubeIDE/plugins/com.st.stm32cube.ide.mcu.externaltools.gnu-tools-for-stm32.13.3.rel1.win32_1.0.100.202509120712/tools/bin/../lib/gcc/arm-none-eabi/13.3.1/../../../../arm-none-eabi/lib/thumb/v7e-m+fp/hard\libc_nano.a(libc_a-memset.o)
                0x0800b4b6                memset
 .text.strncmp  0x0800b4c6       0x24 D:/RUN PROGRAMS/STM32CubeIDE/STM32CubeIDE_2.0.0/STM32CubeIDE/STM32CubeIDE/plugins/com.st.stm32cube.ide.mcu.externaltools.gnu-tools-for-stm32.13.3.rel1.win32_1.0.100.202509120712/tools/bin/../lib/gcc/arm-none-eabi/13.3.1/../../../../arm-none-eabi/lib/thumb/v7e-m+fp/hard\libc_nano.a(libc_a-strncmp.o)
                0x0800b4c6                strncmp
 .text.strncpy  0x0800b4ea       0x26 D:/RUN PROGRAMS/STM32CubeIDE/STM32CubeIDE_2.0.0/STM32CubeIDE/STM32CubeIDE/plugins/com.st.stm32cube.ide.mcu.externaltools.gnu-tools-for-stm32.13.3.rel1.win32_1.0.100.202509120712/tools/bin/../lib/gcc/arm-none-eabi/13.3.1/../../../../arm-none-eabi/lib/thumb/v7e-m+fp/hard\libc_nano.a(libc_a-strncpy.o)
                0x0800b4ea                strncpy
 .text.strtok   0x0800b510       0x68 D:/RUN PROGRAMS/STM32CubeIDE/STM32CubeIDE_2.0.0/STM32CubeIDE/STM32CubeIDE/plugins/com.st.stm32cube.ide.mcu.externaltools.gnu-tools-for-stm32.13.3.rel1.win32_1.0.100.202509120712/tools/bin/../lib/gcc/arm-none-eabi/13.3.1/../../../../arm-none-eabi/lib/thumb/v7e-m+fp/hard\libc_nano.a(libc_a-strtok.o)
                0x0800b510                strtok
 .text.__strtok_r
                0x0800b578       0x50 D:/RUN PROGRAMS/STM32CubeIDE/STM32CubeIDE_2.0.0/STM32CubeIDE/STM32CubeIDE/plugins/com.st.stm32cube.ide.mcu.externaltools.gnu-tools-for-stm32.13.3.rel1.win32_1.0.100.202509120712/tools/bin/../lib/gcc/arm-none-eabi/13.3.1/../../../../arm-none-eabi/lib/thumb/v7e-m+fp/hard\libc_nano.a(libc_a-strtok_r.o)
                0x0800b578                __strtok_r
 .text._localeconv_r
                0x0800b5c8        0x8 D:/RUN PROGRAMS/STM32CubeIDE/STM32CubeIDE_2.0.0/STM32CubeIDE/STM32CubeIDE/plugins/com.st.stm32cube.ide.mcu.externaltools.gnu-tools-for-stm32.13.3.rel1.win32_1.0.100.202509120712/tools/bin/../lib/gcc/arm-none-eabi/13.3.1/../../../../arm-none-eabi/lib/thumb/v7e-m+fp/hard\libc_nano.a(libc_a-localeconv.o)
                0x0800b5c8                _localeconv_r
 .text._close_r
                0x0800b5d0       0x20 D:/RUN PROGRAMS/STM32CubeIDE/STM32CubeIDE_2.0.0/STM32CubeIDE/STM32CubeIDE/plugins/com.st.stm32cube.ide.mcu.externaltools.gnu-tools-for-stm32.13.3.rel1.win32_1.0.100.202509120712/tools/bin/../lib/gcc/arm-none-eabi/13.3.1/../../../../arm-none-eabi/lib/thumb/v7e-m+fp/hard\libc_nano.a(libc_a-closer.o)
                0x0800b5d0                _close_r
 .text._lseek_r
                0x0800b5f0       0x24 D:/RUN PROGRAMS/STM32CubeIDE/STM32CubeIDE_2.0.0/STM32CubeIDE/STM32CubeIDE/plugins/com.st.stm32cube.ide.mcu.externaltools.gnu-tools-for-stm32.13.3.rel1.win32_1.0.100.202509120712/tools/bin/../lib/gcc/arm-none-eabi/13.3.1/../../../../arm-none-eabi/lib/thumb/v7e-m+fp/hard\libc_nano.a(libc_a-lseekr.o)
                0x0800b5f0                _lseek_r
 .text._read_r  0x0800b614       0x24 D:/RUN PROGRAMS/STM32CubeIDE/STM32CubeIDE_2.0.0/STM32CubeIDE/STM32CubeIDE/plugins/com.st.stm32cube.ide.mcu.externaltools.gnu-tools-for-stm32.13.3.rel1.win32_1.0.100.202509120712/tools/bin/../lib/gcc/arm-none-eabi/13.3.1/../../../../arm-none-eabi/lib/thumb/v7e-m+fp/hard\libc_nano.a(libc_a-readr.o)
                0x0800b614                _read_r
 .text._write_r
                0x0800b638       0x24 D:/RUN PROGRAMS/STM32CubeIDE/STM32CubeIDE_2.0.0/STM32CubeIDE/STM32CubeIDE/plugins/com.st.stm32cube.ide.mcu.externaltools.gnu-tools-for-stm32.13.3.rel1.win32_1.0.100.202509120712/tools/bin/../lib/gcc/arm-none-eabi/13.3.1/../../../../arm-none-eabi/lib/thumb/v7e-m+fp/hard\libc_nano.a(libc_a-writer.o)
                0x0800b638                _write_r
 .text.__errno  0x0800b65c        0xc D:/RUN PROGRAMS/STM32CubeIDE/STM32CubeIDE_2.0.0/STM32CubeIDE/STM32CubeIDE/plugins/com.st.stm32cube.ide.mcu.externaltools.gnu-tools-for-stm32.13.3.rel1.win32_1.0.100.202509120712/tools/bin/../lib/gcc/arm-none-eabi/13.3.1/../../../../arm-none-eabi/lib/thumb/v7e-m+fp/hard\libc_nano.a(libc_a-errno.o)
                0x0800b65c                __errno
 .text.__libc_init_array
                0x0800b668       0x48 D:/RUN PROGRAMS/STM32CubeIDE/STM32CubeIDE_2.0.0/STM32CubeIDE/STM32CubeIDE/plugins/com.st.stm32cube.ide.mcu.externaltools.gnu-tools-for-stm32.13.3.rel1.win32_1.0.100.202509120712/tools/bin/../lib/gcc/arm-none-eabi/13.3.1/../../../../arm-none-eabi/lib/thumb/v7e-m+fp/hard\libc_nano.a(libc_a-init.o)
                0x0800b668                __libc_init_array
 .text.__retarget_lock_init_recursive
                0x0800b6b0        0x2 D:/RUN PROGRAMS/STM32CubeIDE/STM32CubeIDE_2.0.0/STM32CubeIDE/STM32CubeIDE/plugins/com.st.stm32cube.ide.mcu.externaltools.gnu-tools-for-stm32.13.3.rel1.win32_1.0.100.202509120712/tools/bin/../lib/gcc/arm-none-eabi/13.3.1/../../../../arm-none-eabi/lib/thumb/v7e-m+fp/hard\libc_nano.a(libc_a-lock.o)
                0x0800b6b0                __retarget_lock_init_recursive
 .text.__retarget_lock_acquire_recursive
                0x0800b6b2        0x2 D:/RUN PROGRAMS/STM32CubeIDE/STM32CubeIDE_2.0.0/STM32CubeIDE/STM32CubeIDE/plugins/com.st.stm32cube.ide.mcu.externaltools.gnu-tools-for-stm32.13.3.rel1.win32_1.0.100.202509120712/tools/bin/../lib/gcc/arm-none-eabi/13.3.1/../../../../arm-none-eabi/lib/thumb/v7e-m+fp/hard\libc_nano.a(libc_a-lock.o)
                0x0800b6b2                __retarget_lock_acquire_recursive
 .text.__retarget_lock_release_recursive
                0x0800b6b4        0x2 D:/RUN PROGRAMS/STM32CubeIDE/STM32CubeIDE_2.0.0/STM32CubeIDE/STM32CubeIDE/plugins/com.st.stm32cube.ide.mcu.externaltools.gnu-tools-for-stm32.13.3.rel1.win32_1.0.100.202509120712/tools/bin/../lib/gcc/arm-none-eabi/13.3.1/../../../../arm-none-eabi/lib/thumb/v7e-m+fp/hard\libc_nano.a(libc_a-lock.o)
                0x0800b6b4                __retarget_lock_release_recursive
 .text.memcpy   0x0800b6b6       0x1c D:/RUN PROGRAMS/STM32CubeIDE/STM32CubeIDE_2.0.0/STM32CubeIDE/STM32CubeIDE/plugins/com.st.stm32cube.ide.mcu.externaltools.gnu-tools-for-stm32.13.3.rel1.win32_1.0.100.202509120712/tools/bin/../lib/gcc/arm-none-eabi/13.3.1/../../../../arm-none-eabi/lib/thumb/v7e-m+fp/hard\libc_nano.a(libc_a-memcpy-stub.o)
                0x0800b6b6                memcpy
 *fill*         0x0800b6d2        0x6 
 .text.nan      0x0800b6d8       0x10 D:/RUN PROGRAMS/STM32CubeIDE/STM32CubeIDE_2.0.0/STM32CubeIDE/STM32CubeIDE/plugins/com.st.stm32cube.ide.mcu.externaltools.gnu-tools-for-stm32.13.3.rel1.win32_1.0.100.202509120712/tools/bin/../lib/gcc/arm-none-eabi/13.3.1/../../../../arm-none-eabi/lib/thumb/v7e-m+fp/hard\libc_nano.a(libm_a-s_nan.o)
                0x0800b6d8                nan
 .text.nanf     0x0800b6e8        0xc D:/RUN PROGRAMS/STM32CubeIDE/STM32CubeIDE_2.0.0/STM32CubeIDE/STM32CubeIDE/plugins/com.st.stm32cube.ide.mcu.externaltools.gnu-tools-for-stm32.13.3.rel1.win32_1.0.100.202509120712/tools/bin/../lib/gcc/arm-none-eabi/13.3.1/../../../../arm-none-eabi/lib/thumb/v7e-m+fp/hard\libc_nano.a(libm_a-sf_nan.o)
                0x0800b6e8                nanf
 .text.__assert_func
                0x0800b6f4       0x3c D:/RUN PROGRAMS/STM32CubeIDE/STM32CubeIDE_2.0.0/STM32CubeIDE/STM32CubeIDE/plugins/com.st.stm32cube.ide.mcu.externaltools.gnu-tools-for-stm32.13.3.rel1.win32_1.0.100.202509120712/tools/bin/../lib/gcc/arm-none-eabi/13.3.1/../../../../arm-none-eabi/lib/thumb/v7e-m+fp/hard\libc_nano.a(libc_a-assert.o)
                0x0800b6f4                __assert_func
 .text.quorem   0x0800b730      0x110 D:/RUN PROGRAMS/STM32CubeIDE/STM32CubeIDE_2.0.0/STM32CubeIDE/STM32CubeIDE/plugins/com.st.stm32cube.ide.mcu.externaltools.gnu-tools-for-stm32.13.3.rel1.win32_1.0.100.202509120712/tools/bin/../lib/gcc/arm-none-eabi/13.3.1/../../../../arm-none-eabi/lib/thumb/v7e-m+fp/hard\libc_nano.a(libc_a-dtoa.o)
 .text._dtoa_r  0x0800b840      0xba0 D:/RUN PROGRAMS/STM32CubeIDE/STM32CubeIDE_2.0.0/STM32CubeIDE/STM32CubeIDE/plugins/com.st.stm32cube.ide.mcu.externaltools.gnu-tools-for-stm32.13.3.rel1.win32_1.0.100.202509120712/tools/bin/../lib/gcc/arm-none-eabi/13.3.1/../../../../arm-none-eabi/lib/thumb/v7e-m+fp/hard\libc_nano.a(libc_a-dtoa.o)
                0x0800b840                _dtoa_r
 .text._free_r  0x0800c3e0       0x94 D:/RUN PROGRAMS/STM32CubeIDE/STM32CubeIDE_2.0.0/STM32CubeIDE/STM32CubeIDE/plugins/com.st.stm32cube.ide.mcu.externaltools.gnu-tools-for-stm32.13.3.rel1.win32_1.0.100.202509120712/tools/bin/../lib/gcc/arm-none-eabi/13.3.1/../../../../arm-none-eabi/lib/thumb/v7e-m+fp/hard\libc_nano.a(libc_a-freer.o)
                0x0800c3e0                _free_r
 .text.rshift   0x0800c474       0xa4 D:/RUN PROGRAMS/STM32CubeIDE/STM32CubeIDE_2.0.0/STM32CubeIDE/STM32CubeIDE/plugins/com.st.stm32cube.ide.mcu.externaltools.gnu-tools-for-stm32.13.3.rel1.win32_1.0.100.202509120712/tools/bin/../lib/gcc/arm-none-eabi/13.3.1/../../../../arm-none-eabi/lib/thumb/v7e-m+fp/hard\libc_nano.a(libc_a-gdtoa-gethex.o)
 .text.__hexdig_fun
                0x0800c518       0x2a D:/RUN PROGRAMS/STM32CubeIDE/STM32CubeIDE_2.0.0/STM32CubeIDE/STM32CubeIDE/plugins/com.st.stm32cube.ide.mcu.externaltools.gnu-tools-for-stm32.13.3.rel1.win32_1.0.100.202509120712/tools/bin/../lib/gcc/arm-none-eabi/13.3.1/../../../../arm-none-eabi/lib/thumb/v7e-m+fp/hard\libc_nano.a(libc_a-gdtoa-gethex.o)
                0x0800c518                __hexdig_fun
 *fill*         0x0800c542        0x2 
 .text.__gethex
                0x0800c544      0x420 D:/RUN PROGRAMS/STM32CubeIDE/STM32CubeIDE_2.0.0/STM32CubeIDE/STM32CubeIDE/plugins/com.st.stm32cube.ide.mcu.externaltools.gnu-tools-for-stm32.13.3.rel1.win32_1.0.100.202509120712/tools/bin/../lib/gcc/arm-none-eabi/13.3.1/../../../../arm-none-eabi/lib/thumb/v7e-m+fp/hard\libc_nano.a(libc_a-gdtoa-gethex.o)
                0x0800c544                __gethex
 .text.L_shift  0x0800c964       0x24 D:/RUN PROGRAMS/STM32CubeIDE/STM32CubeIDE_2.0.0/STM32CubeIDE/STM32CubeIDE/plugins/com.st.stm32cube.ide.mcu.externaltools.gnu-tools-for-stm32.13.3.rel1.win32_1.0.100.202509120712/tools/bin/../lib/gcc/arm-none-eabi/13.3.1/../../../../arm-none-eabi/lib/thumb/v7e-m+fp/hard\libc_nano.a(libc_a-gdtoa-hexnan.o)
 .text.__match  0x0800c988       0x28 D:/RUN PROGRAMS/STM32CubeIDE/STM32CubeIDE_2.0.0/STM32CubeIDE/STM32CubeIDE/plugins/com.st.stm32cube.ide.mcu.externaltools.gnu-tools-for-stm32.13.3.rel1.win32_1.0.100.202509120712/tools/bin/../lib/gcc/arm-none-eabi/13.3.1/../../../../arm-none-eabi/lib/thumb/v7e-m+fp/hard\libc_nano.a(libc_a-gdtoa-hexnan.o)
                0x0800c988                __match
 .text.__hexnan
                0x0800c9b0      0x136 D:/RUN PROGRAMS/STM32CubeIDE/STM32CubeIDE_2.0.0/STM32CubeIDE/STM32CubeIDE/plugins/com.st.stm32cube.ide.mcu.externaltools.gnu-tools-for-stm32.13.3.rel1.win32_1.0.100.202509120712/tools/bin/../lib/gcc/arm-none-eabi/13.3.1/../../../../arm-none-eabi/lib/thumb/v7e-m+fp/hard\libc_nano.a(libc_a-gdtoa-hexnan.o)
                0x0800c9b0                __hexnan
 *fill*         0x0800cae6        0x2 
 .text.malloc   0x0800cae8       0x10 D:/RUN PROGRAMS/STM32CubeIDE/STM32CubeIDE_2.0.0/STM32CubeIDE/STM32CubeIDE/plugins/com.st.stm32cube.ide.mcu.externaltools.gnu-tools-for-stm32.13.3.rel1.win32_1.0.100.202509120712/tools/bin/../lib/gcc/arm-none-eabi/13.3.1/../../../../arm-none-eabi/lib/thumb/v7e-m+fp/hard\libc_nano.a(libc_a-malloc.o)
                0x0800cae8                malloc
 .text.sbrk_aligned
                0x0800caf8       0x44 D:/RUN PROGRAMS/STM32CubeIDE/STM32CubeIDE_2.0.0/STM32CubeIDE/STM32CubeIDE/plugins/com.st.stm32cube.ide.mcu.externaltools.gnu-tools-for-stm32.13.3.rel1.win32_1.0.100.202509120712/tools/bin/../lib/gcc/arm-none-eabi/13.3.1/../../../../arm-none-eabi/lib/thumb/v7e-m+fp/hard\libc_nano.a(libc_a-mallocr.o)
 .text._malloc_r
                0x0800cb3c      0x100 D:/RUN PROGRAMS/STM32CubeIDE/STM32CubeIDE_2.0.0/STM32CubeIDE/STM32CubeIDE/plugins/com.st.stm32cube.ide.mcu.externaltools.gnu-tools-for-stm32.13.3.rel1.win32_1.0.100.202509120712/tools/bin/../lib/gcc/arm-none-eabi/13.3.1/../../../../arm-none-eabi/lib/thumb/v7e-m+fp/hard\libc_nano.a(libc_a-mallocr.o)
                0x0800cb3c                _malloc_r
 .text.__ascii_mbtowc
                0x0800cc3c       0x24 D:/RUN PROGRAMS/STM32CubeIDE/STM32CubeIDE_2.0.0/STM32CubeIDE/STM32CubeIDE/plugins/com.st.stm32cube.ide.mcu.externaltools.gnu-tools-for-stm32.13.3.rel1.win32_1.0.100.202509120712/tools/bin/../lib/gcc/arm-none-eabi/13.3.1/../../../../arm-none-eabi/lib/thumb/v7e-m+fp/hard\libc_nano.a(libc_a-mbtowc_r.o)
                0x0800cc3c                __ascii_mbtowc
 .text.__malloc_lock
                0x0800cc60        0xc D:/RUN PROGRAMS/STM32CubeIDE/STM32CubeIDE_2.0.0/STM32CubeIDE/STM32CubeIDE/plugins/com.st.stm32cube.ide.mcu.externaltools.gnu-tools-for-stm32.13.3.rel1.win32_1.0.100.202509120712/tools/bin/../lib/gcc/arm-none-eabi/13.3.1/../../../../arm-none-eabi/lib/thumb/v7e-m+fp/hard\libc_nano.a(libc_a-mlock.o)
                0x0800cc60                __malloc_lock
 .text.__malloc_unlock
                0x0800cc6c        0xc D:/RUN PROGRAMS/STM32CubeIDE/STM32CubeIDE_2.0.0/STM32CubeIDE/STM32CubeIDE/plugins/com.st.stm32cube.ide.mcu.externaltools.gnu-tools-for-stm32.13.3.rel1.win32_1.0.100.202509120712/tools/bin/../lib/gcc/arm-none-eabi/13.3.1/../../../../arm-none-eabi/lib/thumb/v7e-m+fp/hard\libc_nano.a(libc_a-mlock.o)
                0x0800cc6c                __malloc_unlock
 .text._Balloc  0x0800cc78       0x80 D:/RUN PROGRAMS/STM32CubeIDE/STM32CubeIDE_2.0.0/STM32CubeIDE/STM32CubeIDE/plugins/com.st.stm32cube.ide.mcu.externaltools.gnu-tools-for-stm32.13.3.rel1.win32_1.0.100.202509120712/tools/bin/../lib/gcc/arm-none-eabi/13.3.1/../../../../arm-none-eabi/lib/thumb/v7e-m+fp/hard\libc_nano.a(libc_a-mprec.o)
                0x0800cc78                _Balloc
 .text._Bfree   0x0800ccf8       0x44 D:/RUN PROGRAMS/STM32CubeIDE/STM32CubeIDE_2.0.0/STM32CubeIDE/STM32CubeIDE/plugins/com.st.stm32cube.ide.mcu.externaltools.gnu-tools-for-stm32.13.3.rel1.win32_1.0.100.202509120712/tools/bin/../lib/gcc/arm-none-eabi/13.3.1/../../../../arm-none-eabi/lib/thumb/v7e-m+fp/hard\libc_nano.a(libc_a-mprec.o)
                0x0800ccf8                _Bfree
 .text.__multadd
                0x0800cd3c       0x8c D:/RUN PROGRAMS/STM32CubeIDE/STM32CubeIDE_2.0.0/STM32CubeIDE/STM32CubeIDE/plugins/com.st.stm32cube.ide.mcu.externaltools.gnu-tools-for-stm32.13.3.rel1.win32_1.0.100.202509120712/tools/bin/../lib/gcc/arm-none-eabi/13.3.1/../../../../arm-none-eabi/lib/thumb/v7e-m+fp/hard\libc_nano.a(libc_a-mprec.o)
                0x0800cd3c                __multadd
 .text.__s2b    0x0800cdc8       0x94 D:/RUN PROGRAMS/STM32CubeIDE/STM32CubeIDE_2.0.0/STM32CubeIDE/STM32CubeIDE/plugins/com.st.stm32cube.ide.mcu.externaltools.gnu-tools-for-stm32.13.3.rel1.win32_1.0.100.202509120712/tools/bin/../lib/gcc/arm-none-eabi/13.3.1/../../../../arm-none-eabi/lib/thumb/v7e-m+fp/hard\libc_nano.a(libc_a-mprec.o)
                0x0800cdc8                __s2b
 .text.__hi0bits
                0x0800ce5c       0x3e D:/RUN PROGRAMS/STM32CubeIDE/STM32CubeIDE_2.0.0/STM32CubeIDE/STM32CubeIDE/plugins/com.st.stm32cube.ide.mcu.externaltools.gnu-tools-for-stm32.13.3.rel1.win32_1.0.100.202509120712/tools/bin/../lib/gcc/arm-none-eabi/13.3.1/../../../../arm-none-eabi/lib/thumb/v7e-m+fp/hard\libc_nano.a(libc_a-mprec.o)
                0x0800ce5c                __hi0bits
 .text.__lo0bits
                0x0800ce9a       0x5a D:/RUN PROGRAMS/STM32CubeIDE/STM32CubeIDE_2.0.0/STM32CubeIDE/STM32CubeIDE/plugins/com.st.stm32cube.ide.mcu.externaltools.gnu-tools-for-stm32.13.3.rel1.win32_1.0.100.202509120712/tools/bin/../lib/gcc/arm-none-eabi/13.3.1/../../../../arm-none-eabi/lib/thumb/v7e-m+fp/hard\libc_nano.a(libc_a-mprec.o)
                0x0800ce9a                __lo0bits
 .text.__i2b    0x0800cef4       0x2c D:/RUN PROGRAMS/STM32CubeIDE/STM32CubeIDE_2.0.0/STM32CubeIDE/STM32CubeIDE/plugins/com.st.stm32cube.ide.mcu.externaltools.gnu-tools-for-stm32.13.3.rel1.win32_1.0.100.202509120712/tools/bin/../lib/gcc/arm-none-eabi/13.3.1/../../../../arm-none-eabi/lib/thumb/v7e-m+fp/hard\libc_nano.a(libc_a-mprec.o)
                0x0800cef4                __i2b
 .text.__multiply
                0x0800cf20      0x144 D:/RUN PROGRAMS/STM32CubeIDE/STM32CubeIDE_2.0.0/STM32CubeIDE/STM32CubeIDE/plugins/com.st.stm32cube.ide.mcu.externaltools.gnu-tools-for-stm32.13.3.rel1.win32_1.0.100.202509120712/tools/bin/../lib/gcc/arm-none-eabi/13.3.1/../../../../arm-none-eabi/lib/thumb/v7e-m+fp/hard\libc_nano.a(libc_a-mprec.o)
                0x0800cf20                __multiply
 .text.__pow5mult
                0x0800d064       0xb4 D:/RUN PROGRAMS/STM32CubeIDE/STM32CubeIDE_2.0.0/STM32CubeIDE/STM32CubeIDE/plugins/com.st.stm32cube.ide.mcu.externaltools.gnu-tools-for-stm32.13.3.rel1.win32_1.0.100.202509120712/tools/bin/../lib/gcc/arm-none-eabi/13.3.1/../../../../arm-none-eabi/lib/thumb/v7e-m+fp/hard\libc_nano.a(libc_a-mprec.o)
                0x0800d064                __pow5mult
 .text.__lshift
                0x0800d118       0xd8 D:/RUN PROGRAMS/STM32CubeIDE/STM32CubeIDE_2.0.0/STM32CubeIDE/STM32CubeIDE/plugins/com.st.stm32cube.ide.mcu.externaltools.gnu-tools-for-stm32.13.3.rel1.win32_1.0.100.202509120712/tools/bin/../lib/gcc/arm-none-eabi/13.3.1/../../../../arm-none-eabi/lib/thumb/v7e-m+fp/hard\libc_nano.a(libc_a-mprec.o)
                0x0800d118                __lshift
 .text.__mcmp   0x0800d1f0       0x36 D:/RUN PROGRAMS/STM32CubeIDE/STM32CubeIDE_2.0.0/STM32CubeIDE/STM32CubeIDE/plugins/com.st.stm32cube.ide.mcu.externaltools.gnu-tools-for-stm32.13.3.rel1.win32_1.0.100.202509120712/tools/bin/../lib/gcc/arm-none-eabi/13.3.1/../../../../arm-none-eabi/lib/thumb/v7e-m+fp/hard\libc_nano.a(libc_a-mprec.o)
                0x0800d1f0                __mcmp
 *fill*         0x0800d226        0x2 
 .text.__mdiff  0x0800d228      0x128 D:/RUN PROGRAMS/STM32CubeIDE/STM32CubeIDE_2.0.0/STM32CubeIDE/STM32CubeIDE/plugins/com.st.stm32cube.ide.mcu.externaltools.gnu-tools-for-stm32.13.3.rel1.win32_1.0.100.202509120712/tools/bin/../lib/gcc/arm-none-eabi/13.3.1/../../../../arm-none-eabi/lib/thumb/v7e-m+fp/hard\libc_nano.a(libc_a-mprec.o)
                0x0800d228                __mdiff
 .text.__ulp    0x0800d350       0x4c D:/RUN PROGRAMS/STM32CubeIDE/STM32CubeIDE_2.0.0/STM32CubeIDE/STM32CubeIDE/plugins/com.st.stm32cube.ide.mcu.externaltools.gnu-tools-for-stm32.13.3.rel1.win32_1.0.100.202509120712/tools/bin/../lib/gcc/arm-none-eabi/13.3.1/../../../../arm-none-eabi/lib/thumb/v7e-m+fp/hard\libc_nano.a(libc_a-mprec.o)
                0x0800d350                __ulp
 .text.__b2d    0x0800d39c       0x94 D:/RUN PROGRAMS/STM32CubeIDE/STM32CubeIDE_2.0.0/STM32CubeIDE/STM32CubeIDE/plugins/com.st.stm32cube.ide.mcu.externaltools.gnu-tools-for-stm32.13.3.rel1.win32_1.0.100.202509120712/tools/bin/../lib/gcc/arm-none-eabi/13.3.1/../../../../arm-none-eabi/lib/thumb/v7e-m+fp/hard\libc_nano.a(libc_a-mprec.o)
                0x0800d39c                __b2d
 .text.__d2b    0x0800d430       0xb0 D:/RUN PROGRAMS/STM32CubeIDE/STM32CubeIDE_2.0.0/STM32CubeIDE/STM32CubeIDE/plugins/com.st.stm32cube.ide.mcu.externaltools.gnu-tools-for-stm32.13.3.rel1.win32_1.0.100.202509120712/tools/bin/../lib/gcc/arm-none-eabi/13.3.1/../../../../arm-none-eabi/lib/thumb/v7e-m+fp/hard\libc_nano.a(libc_a-mprec.o)
                0x0800d430                __d2b
 .text.__ratio  0x0800d4e0       0x64 D:/RUN PROGRAMS/STM32CubeIDE/STM32CubeIDE_2.0.0/STM32CubeIDE/STM32CubeIDE/plugins/com.st.stm32cube.ide.mcu.externaltools.gnu-tools-for-stm32.13.3.rel1.win32_1.0.100.202509120712/tools/bin/../lib/gcc/arm-none-eabi/13.3.1/../../../../arm-none-eabi/lib/thumb/v7e-m+fp/hard\libc_nano.a(libc_a-mprec.o)
                0x0800d4e0                __ratio
 .text.__copybits
                0x0800d544       0x46 D:/RUN PROGRAMS/STM32CubeIDE/STM32CubeIDE_2.0.0/STM32CubeIDE/STM32CubeIDE/plugins/com.st.stm32cube.ide.mcu.externaltools.gnu-tools-for-stm32.13.3.rel1.win32_1.0.100.202509120712/tools/bin/../lib/gcc/arm-none-eabi/13.3.1/../../../../arm-none-eabi/lib/thumb/v7e-m+fp/hard\libc_nano.a(libc_a-mprec.o)
                0x0800d544                __copybits
 .text.__any_on
                0x0800d58a       0x42 D:/RUN PROGRAMS/STM32CubeIDE/STM32CubeIDE_2.0.0/STM32CubeIDE/STM32CubeIDE/plugins/com.st.stm32cube.ide.mcu.externaltools.gnu-tools-for-stm32.13.3.rel1.win32_1.0.100.202509120712/tools/bin/../lib/gcc/arm-none-eabi/13.3.1/../../../../arm-none-eabi/lib/thumb/v7e-m+fp/hard\libc_nano.a(libc_a-mprec.o)
                0x0800d58a                __any_on
 .text.__ascii_wctomb
                0x0800d5cc       0x1a D:/RUN PROGRAMS/STM32CubeIDE/STM32CubeIDE_2.0.0/STM32CubeIDE/STM32CubeIDE/plugins/com.st.stm32cube.ide.mcu.externaltools.gnu-tools-for-stm32.13.3.rel1.win32_1.0.100.202509120712/tools/bin/../lib/gcc/arm-none-eabi/13.3.1/../../../../arm-none-eabi/lib/thumb/v7e-m+fp/hard\libc_nano.a(libc_a-wctomb_r.o)
                0x0800d5cc                __ascii_wctomb
 .text.__ssputs_r
                0x0800d5e6       0xb6 D:/RUN PROGRAMS/STM32CubeIDE/STM32CubeIDE_2.0.0/STM32CubeIDE/STM32CubeIDE/plugins/com.st.stm32cube.ide.mcu.externaltools.gnu-tools-for-stm32.13.3.rel1.win32_1.0.100.202509120712/tools/bin/../lib/gcc/arm-none-eabi/13.3.1/../../../../arm-none-eabi/lib/thumb/v7e-m+fp/hard\libc_nano.a(libc_a-nano-svfprintf.o)
                0x0800d5e6                __ssputs_r
 .text._svfprintf_r
                0x0800d69c      0x1f8 D:/RUN PROGRAMS/STM32CubeIDE/STM32CubeIDE_2.0.0/STM32CubeIDE/STM32CubeIDE/plugins/com.st.stm32cube.ide.mcu.externaltools.gnu-tools-for-stm32.13.3.rel1.win32_1.0.100.202509120712/tools/bin/../lib/gcc/arm-none-eabi/13.3.1/../../../../arm-none-eabi/lib/thumb/v7e-m+fp/hard\libc_nano.a(libc_a-nano-svfprintf.o)
                0x0800d69c                _svfiprintf_r
                0x0800d69c                _svfprintf_r
 .text.__sflush_r
                0x0800d894      0x108 D:/RUN PROGRAMS/STM32CubeIDE/STM32CubeIDE_2.0.0/STM32CubeIDE/STM32CubeIDE/plugins/com.st.stm32cube.ide.mcu.externaltools.gnu-tools-for-stm32.13.3.rel1.win32_1.0.100.202509120712/tools/bin/../lib/gcc/arm-none-eabi/13.3.1/../../../../arm-none-eabi/lib/thumb/v7e-m+fp/hard\libc_nano.a(libc_a-fflush.o)